Archive member included to satisfy reference by file (symbol)

/usr/local/Cellar/arm-none-eabi-gcc/10.3-2021.10/gcc/bin/../lib/gcc/arm-none-eabi/10.3.1/../../../../arm-none-eabi/lib/thumb/v7-m/nofp/libg_nano.a(lib_a-fflush.o)
                              ./output/startup_gcc.o (fflush)
/usr/local/Cellar/arm-none-eabi-gcc/10.3-2021.10/gcc/bin/../lib/gcc/arm-none-eabi/10.3.1/../../../../arm-none-eabi/lib/thumb/v7-m/nofp/libg_nano.a(lib_a-findfp.o)
                              /usr/local/Cellar/arm-none-eabi-gcc/10.3-2021.10/gcc/bin/../lib/gcc/arm-none-eabi/10.3.1/../../../../arm-none-eabi/lib/thumb/v7-m/nofp/libg_nano.a(lib_a-fflush.o) (__sinit)
/usr/local/Cellar/arm-none-eabi-gcc/10.3-2021.10/gcc/bin/../lib/gcc/arm-none-eabi/10.3.1/../../../../arm-none-eabi/lib/thumb/v7-m/nofp/libg_nano.a(lib_a-fwalk.o)
                              /usr/local/Cellar/arm-none-eabi-gcc/10.3-2021.10/gcc/bin/../lib/gcc/arm-none-eabi/10.3.1/../../../../arm-none-eabi/lib/thumb/v7-m/nofp/libg_nano.a(lib_a-findfp.o) (_fwalk)
/usr/local/Cellar/arm-none-eabi-gcc/10.3-2021.10/gcc/bin/../lib/gcc/arm-none-eabi/10.3.1/../../../../arm-none-eabi/lib/thumb/v7-m/nofp/libg_nano.a(lib_a-impure.o)
                              /usr/local/Cellar/arm-none-eabi-gcc/10.3-2021.10/gcc/bin/../lib/gcc/arm-none-eabi/10.3.1/../../../../arm-none-eabi/lib/thumb/v7-m/nofp/libg_nano.a(lib_a-fflush.o) (_global_impure_ptr)
/usr/local/Cellar/arm-none-eabi-gcc/10.3-2021.10/gcc/bin/../lib/gcc/arm-none-eabi/10.3.1/../../../../arm-none-eabi/lib/thumb/v7-m/nofp/libg_nano.a(lib_a-lock.o)
                              /usr/local/Cellar/arm-none-eabi-gcc/10.3-2021.10/gcc/bin/../lib/gcc/arm-none-eabi/10.3.1/../../../../arm-none-eabi/lib/thumb/v7-m/nofp/libg_nano.a(lib_a-findfp.o) (__retarget_lock_init_recursive)
/usr/local/Cellar/arm-none-eabi-gcc/10.3-2021.10/gcc/bin/../lib/gcc/arm-none-eabi/10.3.1/../../../../arm-none-eabi/lib/thumb/v7-m/nofp/libg_nano.a(lib_a-memcmp.o)
                              ./output/MessageBufferDemo.o (memcmp)
/usr/local/Cellar/arm-none-eabi-gcc/10.3-2021.10/gcc/bin/../lib/gcc/arm-none-eabi/10.3.1/../../../../arm-none-eabi/lib/thumb/v7-m/nofp/libg_nano.a(lib_a-memcpy-stub.o)
                              ./output/queue.o (memcpy)
/usr/local/Cellar/arm-none-eabi-gcc/10.3-2021.10/gcc/bin/../lib/gcc/arm-none-eabi/10.3.1/../../../../arm-none-eabi/lib/thumb/v7-m/nofp/libg_nano.a(lib_a-memset.o)
                              ./output/tasks.o (memset)
/usr/local/Cellar/arm-none-eabi-gcc/10.3-2021.10/gcc/bin/../lib/gcc/arm-none-eabi/10.3.1/../../../../arm-none-eabi/lib/thumb/v7-m/nofp/libg_nano.a(lib_a-nano-freer.o)
                              /usr/local/Cellar/arm-none-eabi-gcc/10.3-2021.10/gcc/bin/../lib/gcc/arm-none-eabi/10.3.1/../../../../arm-none-eabi/lib/thumb/v7-m/nofp/libg_nano.a(lib_a-fflush.o) (_free_r)
/usr/local/Cellar/arm-none-eabi-gcc/10.3-2021.10/gcc/bin/../lib/gcc/arm-none-eabi/10.3.1/../../../../arm-none-eabi/lib/thumb/v7-m/nofp/libg_nano.a(lib_a-nano-mallocr.o)
                              /usr/local/Cellar/arm-none-eabi-gcc/10.3-2021.10/gcc/bin/../lib/gcc/arm-none-eabi/10.3.1/../../../../arm-none-eabi/lib/thumb/v7-m/nofp/libg_nano.a(lib_a-findfp.o) (_malloc_r)
/usr/local/Cellar/arm-none-eabi-gcc/10.3-2021.10/gcc/bin/../lib/gcc/arm-none-eabi/10.3.1/../../../../arm-none-eabi/lib/thumb/v7-m/nofp/libg_nano.a(lib_a-sbrkr.o)
                              /usr/local/Cellar/arm-none-eabi-gcc/10.3-2021.10/gcc/bin/../lib/gcc/arm-none-eabi/10.3.1/../../../../arm-none-eabi/lib/thumb/v7-m/nofp/libg_nano.a(lib_a-nano-mallocr.o) (_sbrk_r)
/usr/local/Cellar/arm-none-eabi-gcc/10.3-2021.10/gcc/bin/../lib/gcc/arm-none-eabi/10.3.1/../../../../arm-none-eabi/lib/thumb/v7-m/nofp/libg_nano.a(lib_a-stdio.o)
                              /usr/local/Cellar/arm-none-eabi-gcc/10.3-2021.10/gcc/bin/../lib/gcc/arm-none-eabi/10.3.1/../../../../arm-none-eabi/lib/thumb/v7-m/nofp/libg_nano.a(lib_a-findfp.o) (__sread)
/usr/local/Cellar/arm-none-eabi-gcc/10.3-2021.10/gcc/bin/../lib/gcc/arm-none-eabi/10.3.1/../../../../arm-none-eabi/lib/thumb/v7-m/nofp/libg_nano.a(lib_a-strcmp.o)
                              ./output/MessageBufferAMP.o (strcmp)
/usr/local/Cellar/arm-none-eabi-gcc/10.3-2021.10/gcc/bin/../lib/gcc/arm-none-eabi/10.3.1/../../../../arm-none-eabi/lib/thumb/v7-m/nofp/libg_nano.a(lib_a-strlen.o)
                              ./output/tasks.o (strlen)
/usr/local/Cellar/arm-none-eabi-gcc/10.3-2021.10/gcc/bin/../lib/gcc/arm-none-eabi/10.3.1/../../../../arm-none-eabi/lib/thumb/v7-m/nofp/libg_nano.a(lib_a-writer.o)
                              /usr/local/Cellar/arm-none-eabi-gcc/10.3-2021.10/gcc/bin/../lib/gcc/arm-none-eabi/10.3.1/../../../../arm-none-eabi/lib/thumb/v7-m/nofp/libg_nano.a(lib_a-stdio.o) (_write_r)
/usr/local/Cellar/arm-none-eabi-gcc/10.3-2021.10/gcc/bin/../lib/gcc/arm-none-eabi/10.3.1/../../../../arm-none-eabi/lib/thumb/v7-m/nofp/libg_nano.a(lib_a-closer.o)
[...]
Memory Configuration

Name             Origin             Length             Attributes
FLASH            0x0000000000000000 0x0000000000400000 xr
RAM              0x0000000020000000 0x0000000000400000 rw
*default*        0x0000000000000000 0xffffffffffffffff

Linker script and memory map

LOAD ./output/tasks.o
LOAD ./output/list.o
LOAD ./output/queue.o
LOAD ./output/timers.o
LOAD ./output/event_groups.o
LOAD ./output/stream_buffer.o
LOAD ./output/heap_4.o
LOAD ./output/port.o
LOAD ./output/AbortDelay.o
LOAD ./output/BlockQ.o
LOAD ./output/blocktim.o
LOAD ./output/countsem.o
LOAD ./output/death.o
LOAD ./output/dynamic.o
LOAD ./output/EventGroupsDemo.o
LOAD ./output/GenQTest.o
LOAD ./output/integer.o
LOAD ./output/IntQueue.o
LOAD ./output/IntQueueTimer.o
LOAD ./output/IntSemTest.o
LOAD ./output/MessageBufferAMP.o
LOAD ./output/MessageBufferDemo.o
LOAD ./output/PollQ.o
LOAD ./output/QPeek.o
LOAD ./output/QueueOverwrite.o
LOAD ./output/QueueSet.o
LOAD ./output/QueueSetPolling.o
LOAD ./output/recmutex.o
LOAD ./output/semtest.o
LOAD ./output/StaticAllocation.o
LOAD ./output/StreamBufferDemo.o
LOAD ./output/StreamBufferInterrupt.o
LOAD ./output/TaskNotify.o
LOAD ./output/TaskNotifyArray.o
LOAD ./output/TimerDemo.o
LOAD ./output/main.o
LOAD ./output/main_blinky.o
LOAD ./output/main_full.o
LOAD ./output/demoSmokers.o
LOAD ./output/demoDinner.o
LOAD ./output/demoBarber.o
LOAD ./output/startup_gcc.o
LOAD ./output/printf-stdarg.o
                0x0000000000000008                _Min_Heap_Size = 0x8
                0x0000000000000400                _Min_Stack_Size = 0x400
                0x0000000020400000                _estack = (ORIGIN (RAM) + LENGTH (RAM))

.isr_vector     0x0000000000000000       0x78
                0x0000000000000000                __vector_table = .
 *(.isr_vector)
 .isr_vector    0x0000000000000000       0x78 ./output/startup_gcc.o
                0x0000000000000000                isr_vector
                0x0000000000000078                . = ALIGN (0x4)

.text           0x0000000000000078      0x598
 *(.text)
 *(.rodata*)
 .rodata        0x0000000000000078       0x25 ./output/tasks.o
 *fill*         0x000000000000009d        0x3 
 .rodata        0x00000000000000a0       0x1d ./output/queue.o
 *fill*         0x00000000000000bd        0x3 
 .rodata        0x00000000000000c0       0x2d ./output/timers.o
 *fill*         0x00000000000000ed        0x3 
 .rodata        0x00000000000000f0       0x2f ./output/heap_4.o
 *fill*         0x000000000000011f        0x1 
 .rodata        0x0000000000000120       0x31 ./output/port.o
 *fill*         0x0000000000000151        0x3 
 .rodata        0x0000000000000154       0x8f ./output/main.o
 *fill*         0x00000000000001e3        0x1 
 .rodata        0x00000000000001e4      0x386 ./output/demoBarber.o
 *fill*         0x000000000000056a        0x2 
 .rodata        0x000000000000056c       0x36 ./output/startup_gcc.o
 *fill*         0x00000000000005a2        0x2 
 .rodata        0x00000000000005a4        0x7 ./output/printf-stdarg.o
 *fill*         0x00000000000005ab        0x1 
 .rodata.__sf_fake_stderr
                0x00000000000005ac       0x20 /usr/local/Cellar/arm-none-eabi-gcc/10.3-2021.10/gcc/bin/../lib/gcc/arm-none-eabi/10.3.1/../../../../arm-none-eabi/lib/thumb/v7-m/nofp/libg_nano.a(lib_a-findfp.o)
                0x00000000000005ac                __sf_fake_stderr
 .rodata.__sf_fake_stdin
                0x00000000000005cc       0x20 /usr/local/Cellar/arm-none-eabi-gcc/10.3-2021.10/gcc/bin/../lib/gcc/arm-none-eabi/10.3.1/../../../../arm-none-eabi/lib/thumb/v7-m/nofp/libg_nano.a(lib_a-findfp.o)
                0x00000000000005cc                __sf_fake_stdin
 .rodata.__sf_fake_stdout
                0x00000000000005ec       0x20 /usr/local/Cellar/arm-none-eabi-gcc/10.3-2021.10/gcc/bin/../lib/gcc/arm-none-eabi/10.3.1/../../../../arm-none-eabi/lib/thumb/v7-m/nofp/libg_nano.a(lib_a-findfp.o)
                0x00000000000005ec                __sf_fake_stdout
 .rodata._global_impure_ptr
                0x000000000000060c        0x4 /usr/local/Cellar/arm-none-eabi-gcc/10.3-2021.10/gcc/bin/../lib/gcc/arm-none-eabi/10.3.1/../../../../arm-none-eabi/lib/thumb/v7-m/nofp/libg_nano.a(lib_a-impure.o)
                0x000000000000060c                _global_impure_ptr
 *(.constdata*)
                0x0000000000000610                _etext = .
                0x0000000000000610                _sidata = .

.glue_7         0x0000000000000610        0x0
 .glue_7        0x0000000000000610        0x0 linker stubs

.glue_7t        0x0000000000000610        0x0
 .glue_7t       0x0000000000000610        0x0 linker stubs

.vfp11_veneer   0x0000000000000610        0x0
 .vfp11_veneer  0x0000000000000610        0x0 linker stubs

.v4_bx          0x0000000000000610        0x0
 .v4_bx         0x0000000000000610        0x0 linker stubs

.text.xTaskCreateStatic
                0x0000000000000610       0xa4
 .text.xTaskCreateStatic
                0x0000000000000610       0xa4 ./output/tasks.o
                0x0000000000000610                xTaskCreateStatic

.text.xTaskCreate
                0x00000000000006b4       0x94
 .text.xTaskCreate
                0x00000000000006b4       0x94 ./output/tasks.o
                0x00000000000006b4                xTaskCreate

.text.prvInitialiseNewTask
                0x0000000000000748      0x108
 .text.prvInitialiseNewTask
                0x0000000000000748      0x108 ./output/tasks.o

.text.prvAddNewTaskToReadyList
                0x0000000000000850      0x124
 .text.prvAddNewTaskToReadyList
                0x0000000000000850      0x124 ./output/tasks.o

.text.vTaskDelete
                0x0000000000000974      0x120
 .text.vTaskDelete
                0x0000000000000974      0x120 ./output/tasks.o
                0x0000000000000974                vTaskDelete

.text.vTaskDelay
                0x0000000000000a94       0x60
 .text.vTaskDelay
                0x0000000000000a94       0x60 ./output/tasks.o
                0x0000000000000a94                vTaskDelay

.text.vTaskStartScheduler
                0x0000000000000af4       0xd0
 .text.vTaskStartScheduler
                0x0000000000000af4       0xd0 ./output/tasks.o
                0x0000000000000af4                vTaskStartScheduler

.text.vTaskSuspendAll
                0x0000000000000bc4       0x1c
 .text.vTaskSuspendAll
                0x0000000000000bc4       0x1c ./output/tasks.o
                0x0000000000000bc4                vTaskSuspendAll

.text.xTaskResumeAll
                0x0000000000000be0      0x1f0
 .text.xTaskResumeAll
                0x0000000000000be0      0x1f0 ./output/tasks.o
                0x0000000000000be0                xTaskResumeAll

.text.xTaskGetTickCount
                0x0000000000000dd0       0x1c
 .text.xTaskGetTickCount
                0x0000000000000dd0       0x1c ./output/tasks.o
                0x0000000000000dd0                xTaskGetTickCount

.text.uxTaskGetNumberOfTasks
                0x0000000000000dec       0x14
 .text.uxTaskGetNumberOfTasks
                0x0000000000000dec       0x14 ./output/tasks.o
                0x0000000000000dec                uxTaskGetNumberOfTasks

.text.xTaskIncrementTick
                0x0000000000000e00      0x234
 .text.xTaskIncrementTick
                0x0000000000000e00      0x234 ./output/tasks.o
                0x0000000000000e00                xTaskIncrementTick

.text.vTaskSwitchContext
                0x0000000000001034       0xf8
 .text.vTaskSwitchContext
                0x0000000000001034       0xf8 ./output/tasks.o
                0x0000000000001034                vTaskSwitchContext

.text.vTaskPlaceOnEventList
                0x000000000000112c       0x40
 .text.vTaskPlaceOnEventList
                0x000000000000112c       0x40 ./output/tasks.o
                0x000000000000112c                vTaskPlaceOnEventList

.text.vTaskPlaceOnEventListRestricted
                0x000000000000116c       0x84
 .text.vTaskPlaceOnEventListRestricted
                0x000000000000116c       0x84 ./output/tasks.o
                0x000000000000116c                vTaskPlaceOnEventListRestricted

.text.xTaskRemoveFromEventList
                0x00000000000011f0      0x1a0
 .text.xTaskRemoveFromEventList
                0x00000000000011f0      0x1a0 ./output/tasks.o
                0x00000000000011f0                xTaskRemoveFromEventList

.text.vTaskInternalSetTimeOutState
                0x0000000000001390       0x2c
 .text.vTaskInternalSetTimeOutState
                0x0000000000001390       0x2c ./output/tasks.o
                0x0000000000001390                vTaskInternalSetTimeOutState

.text.xTaskCheckForTimeOut
                0x00000000000013bc       0xd8
 .text.xTaskCheckForTimeOut
                0x00000000000013bc       0xd8 ./output/tasks.o
                0x00000000000013bc                xTaskCheckForTimeOut

.text.vTaskMissedYield
                0x0000000000001494       0x18
 .text.vTaskMissedYield
                0x0000000000001494       0x18 ./output/tasks.o
                0x0000000000001494                vTaskMissedYield

.text.prvIdleTask
                0x00000000000014ac        0xe
 .text.prvIdleTask
                0x00000000000014ac        0xe ./output/tasks.o

.text.prvInitialiseTaskLists
                0x00000000000014bc       0x80
 .text.prvInitialiseTaskLists
                0x00000000000014bc       0x80 ./output/tasks.o

.text.prvCheckTasksWaitingTermination
                0x000000000000153c       0x5c
 .text.prvCheckTasksWaitingTermination
                0x000000000000153c       0x5c ./output/tasks.o

.text.prvDeleteTCB
                0x0000000000001598       0x58
 .text.prvDeleteTCB
                0x0000000000001598       0x58 ./output/tasks.o

.text.prvResetNextTaskUnblockTime
                0x00000000000015f0       0x34
 .text.prvResetNextTaskUnblockTime
                0x00000000000015f0       0x34 ./output/tasks.o

.text.xTaskGetSchedulerState
                0x0000000000001624       0x3c
 .text.xTaskGetSchedulerState
                0x0000000000001624       0x3c ./output/tasks.o
                0x0000000000001624                xTaskGetSchedulerState

.text.xTaskPriorityInherit
                0x0000000000001660      0x13c
 .text.xTaskPriorityInherit
                0x0000000000001660      0x13c ./output/tasks.o
                0x0000000000001660                xTaskPriorityInherit

.text.xTaskPriorityDisinherit
                0x000000000000179c      0x130
 .text.xTaskPriorityDisinherit
                0x000000000000179c      0x130 ./output/tasks.o
                0x000000000000179c                xTaskPriorityDisinherit

.text.vTaskPriorityDisinheritAfterTimeout
                0x00000000000018cc      0x15c
 .text.vTaskPriorityDisinheritAfterTimeout
                0x00000000000018cc      0x15c ./output/tasks.o
                0x00000000000018cc                vTaskPriorityDisinheritAfterTimeout

.text.pvTaskIncrementMutexHeldCount
                0x0000000000001a28       0x28
 .text.pvTaskIncrementMutexHeldCount
                0x0000000000001a28       0x28 ./output/tasks.o
                0x0000000000001a28                pvTaskIncrementMutexHeldCount

.text.prvAddCurrentTaskToDelayedList
                0x0000000000001a50      0x108
 .text.prvAddCurrentTaskToDelayedList
                0x0000000000001a50      0x108 ./output/tasks.o

.iplt           0x0000000000001b58        0x0
 .iplt          0x0000000000001b58        0x0 ./output/tasks.o

.text.vListInitialise
                0x0000000000001b58       0x3e
 .text.vListInitialise
                0x0000000000001b58       0x3e ./output/list.o
                0x0000000000001b58                vListInitialise

.text.vListInitialiseItem
                0x0000000000001b96       0x18
 .text.vListInitialiseItem
                0x0000000000001b96       0x18 ./output/list.o
                0x0000000000001b96                vListInitialiseItem

.text.vListInsertEnd
                0x0000000000001bae       0x46
 .text.vListInsertEnd
                0x0000000000001bae       0x46 ./output/list.o
                0x0000000000001bae                vListInsertEnd

.text.vListInsert
                0x0000000000001bf4       0x70
 .text.vListInsert
                0x0000000000001bf4       0x70 ./output/list.o
                0x0000000000001bf4                vListInsert

.text.uxListRemove
                0x0000000000001c64       0x52
 .text.uxListRemove
                0x0000000000001c64       0x52 ./output/list.o
                0x0000000000001c64                uxListRemove

.text.xQueueGenericReset
                0x0000000000001cb8      0x10c
 .text.xQueueGenericReset
                0x0000000000001cb8      0x10c ./output/queue.o
                0x0000000000001cb8                xQueueGenericReset

.text.xQueueGenericCreateStatic
                0x0000000000001dc4       0x9c
 .text.xQueueGenericCreateStatic
                0x0000000000001dc4       0x9c ./output/queue.o
                0x0000000000001dc4                xQueueGenericCreateStatic

.text.xQueueGenericCreate
                0x0000000000001e60       0x9c
 .text.xQueueGenericCreate
                0x0000000000001e60       0x9c ./output/queue.o
                0x0000000000001e60                xQueueGenericCreate

.text.prvInitialiseNewQueue
                0x0000000000001efc       0x44
 .text.prvInitialiseNewQueue
                0x0000000000001efc       0x44 ./output/queue.o

.text.xQueueGenericSend
                0x0000000000001f40      0x208
 .text.xQueueGenericSend
                0x0000000000001f40      0x208 ./output/queue.o
                0x0000000000001f40                xQueueGenericSend

.text.xQueueGenericSendFromISR
                0x0000000000002148      0x168
 .text.xQueueGenericSendFromISR
                0x0000000000002148      0x168 ./output/queue.o
                0x0000000000002148                xQueueGenericSendFromISR

.text.xQueueReceive
                0x00000000000022b0      0x1a0
 .text.xQueueReceive
                0x00000000000022b0      0x1a0 ./output/queue.o
                0x00000000000022b0                xQueueReceive

.text.xQueueSemaphoreTake
                0x0000000000002450      0x1dc
 .text.xQueueSemaphoreTake
                0x0000000000002450      0x1dc ./output/queue.o
                0x0000000000002450                xQueueSemaphoreTake

.text.xQueueReceiveFromISR
                0x000000000000262c      0x110
 .text.xQueueReceiveFromISR
                0x000000000000262c      0x110 ./output/queue.o
                0x000000000000262c                xQueueReceiveFromISR

.text.uxQueueMessagesWaiting
                0x000000000000273c       0x34
 .text.uxQueueMessagesWaiting
                0x000000000000273c       0x34 ./output/queue.o
                0x000000000000273c                uxQueueMessagesWaiting

.text.prvGetDisinheritPriorityAfterTimeout
                0x0000000000002770       0x2e
 .text.prvGetDisinheritPriorityAfterTimeout
                0x0000000000002770       0x2e ./output/queue.o

.text.prvCopyDataToQueue
                0x000000000000279e       0xd4
 .text.prvCopyDataToQueue
                0x000000000000279e       0xd4 ./output/queue.o

.text.prvCopyDataFromQueue
                0x0000000000002872       0x4c
 .text.prvCopyDataFromQueue
                0x0000000000002872       0x4c ./output/queue.o

.text.prvUnlockQueue
                0x00000000000028be       0xbe
 .text.prvUnlockQueue
                0x00000000000028be       0xbe ./output/queue.o

.text.prvIsQueueEmpty
                0x000000000000297c       0x2c
 .text.prvIsQueueEmpty
                0x000000000000297c       0x2c ./output/queue.o

.text.prvIsQueueFull
                0x00000000000029a8       0x30
 .text.prvIsQueueFull
                0x00000000000029a8       0x30 ./output/queue.o

.text.xQueueIsQueueFullFromISR
                0x00000000000029d8       0x40
 .text.xQueueIsQueueFullFromISR
                0x00000000000029d8       0x40 ./output/queue.o
                0x00000000000029d8                xQueueIsQueueFullFromISR

.text.vQueueAddToRegistry
                0x0000000000002a18       0x90
 .text.vQueueAddToRegistry
                0x0000000000002a18       0x90 ./output/queue.o
                0x0000000000002a18                vQueueAddToRegistry

.text.vQueueWaitForMessageRestricted
                0x0000000000002aa8       0x68
 .text.vQueueWaitForMessageRestricted
                0x0000000000002aa8       0x68 ./output/queue.o
                0x0000000000002aa8                vQueueWaitForMessageRestricted

.text.prvNotifyQueueSetContainer
                0x0000000000002b10       0xc0
 .text.prvNotifyQueueSetContainer
                0x0000000000002b10       0xc0 ./output/queue.o

.text.xTimerCreateTimerTask
                0x0000000000002bd0       0x88
 .text.xTimerCreateTimerTask
                0x0000000000002bd0       0x88 ./output/timers.o
                0x0000000000002bd0                xTimerCreateTimerTask

.text.prvReloadTimer
                0x0000000000002c58       0x42
 .text.prvReloadTimer
                0x0000000000002c58       0x42 ./output/timers.o

.text.prvProcessExpiredTimer
                0x0000000000002c9c       0x60
 .text.prvProcessExpiredTimer
                0x0000000000002c9c       0x60 ./output/timers.o

.text.prvTimerTask
                0x0000000000002cfc       0x24
 .text.prvTimerTask
                0x0000000000002cfc       0x24 ./output/timers.o

.text.prvProcessTimerOrBlockTask
                0x0000000000002d20       0x9c
 .text.prvProcessTimerOrBlockTask
                0x0000000000002d20       0x9c ./output/timers.o

.text.prvGetNextExpireTime
                0x0000000000002dbc       0x44
 .text.prvGetNextExpireTime
                0x0000000000002dbc       0x44 ./output/timers.o

.text.prvSampleTimeNow
                0x0000000000002e00       0x40
 .text.prvSampleTimeNow
                0x0000000000002e00       0x40 ./output/timers.o

.text.prvInsertTimerInActiveList
                0x0000000000002e40       0x84
 .text.prvInsertTimerInActiveList
                0x0000000000002e40       0x84 ./output/timers.o

.text.prvProcessReceivedCommands
                0x0000000000002ec4      0x1a0
 .text.prvProcessReceivedCommands
                0x0000000000002ec4      0x1a0 ./output/timers.o

.text.prvSwitchTimerLists
                0x0000000000003064       0x4c
 .text.prvSwitchTimerLists
                0x0000000000003064       0x4c ./output/timers.o

.text.prvCheckForValidListAndQueue
                0x00000000000030b0       0x80
 .text.prvCheckForValidListAndQueue
                0x00000000000030b0       0x80 ./output/timers.o

.text.pvPortMalloc
                0x0000000000003130      0x168
 .text.pvPortMalloc
                0x0000000000003130      0x168 ./output/heap_4.o
                0x0000000000003130                pvPortMalloc

.text.vPortFree
                0x0000000000003298       0xa4
 .text.vPortFree
                0x0000000000003298       0xa4 ./output/heap_4.o
                0x0000000000003298                vPortFree

.text.prvHeapInit
                0x000000000000333c       0xb8
 .text.prvHeapInit
                0x000000000000333c       0xb8 ./output/heap_4.o

.text.prvInsertBlockIntoFreeList
                0x00000000000033f4       0xb0
 .text.prvInsertBlockIntoFreeList
                0x00000000000033f4       0xb0 ./output/heap_4.o

.text.pxPortInitialiseStack
                0x00000000000034a4       0x58
 .text.pxPortInitialiseStack
                0x00000000000034a4       0x58 ./output/port.o
                0x00000000000034a4                pxPortInitialiseStack

.text.prvTaskExitError
                0x00000000000034fc       0x4c
 .text.prvTaskExitError
                0x00000000000034fc       0x4c ./output/port.o

.text.vPortSVCHandler
                0x0000000000003550       0x28
 .text.vPortSVCHandler
                0x0000000000003550       0x28 ./output/port.o
                0x0000000000003550                vPortSVCHandler

.text.prvPortStartFirstTask
                0x0000000000003578       0x24
 .text.prvPortStartFirstTask
                0x0000000000003578       0x24 ./output/port.o

.text.xPortStartScheduler
                0x000000000000359c       0xc0
 .text.xPortStartScheduler
                0x000000000000359c       0xc0 ./output/port.o
                0x000000000000359c                xPortStartScheduler

.text.vPortEnterCritical
                0x000000000000365c       0x54
 .text.vPortEnterCritical
                0x000000000000365c       0x54 ./output/port.o
                0x000000000000365c                vPortEnterCritical

.text.vPortExitCritical
                0x00000000000036b0       0x48
 .text.vPortExitCritical
                0x00000000000036b0       0x48 ./output/port.o
                0x00000000000036b0                vPortExitCritical

.text.xPortPendSVHandler
                0x0000000000003700       0x48
 .text.xPortPendSVHandler
                0x0000000000003700       0x48 ./output/port.o
                0x0000000000003700                xPortPendSVHandler

.text.xPortSysTickHandler
                0x0000000000003748       0x44
 .text.xPortSysTickHandler
                0x0000000000003748       0x44 ./output/port.o
                0x0000000000003748                xPortSysTickHandler

.text.vPortSetupTimerInterrupt
                0x000000000000378c       0x34
 .text.vPortSetupTimerInterrupt
                0x000000000000378c       0x34 ./output/port.o
                0x000000000000378c                vPortSetupTimerInterrupt

.text.vPortValidateInterruptPriority
                0x00000000000037c0       0x68
 .text.vPortValidateInterruptPriority
                0x00000000000037c0       0x68 ./output/port.o
                0x00000000000037c0                vPortValidateInterruptPriority

.text.prvRecordValue_NormallyFull
                0x0000000000003828       0x3c
 .text.prvRecordValue_NormallyFull
                0x0000000000003828       0x3c ./output/IntQueue.o

.text.prvRecordValue_NormallyEmpty
                0x0000000000003864       0x3c
 .text.prvRecordValue_NormallyEmpty
                0x0000000000003864       0x3c ./output/IntQueue.o

.text.prvQueueAccessLogError
                0x00000000000038a0       0x28
 .text.prvQueueAccessLogError
                0x00000000000038a0       0x28 ./output/IntQueue.o

.text.xFirstTimerHandler
                0x00000000000038c8      0x1b8
 .text.xFirstTimerHandler
                0x00000000000038c8      0x1b8 ./output/IntQueue.o
                0x00000000000038c8                xFirstTimerHandler

.text.xSecondTimerHandler
                0x0000000000003a80      0x290
 .text.xSecondTimerHandler
                0x0000000000003a80      0x290 ./output/IntQueue.o
                0x0000000000003a80                xSecondTimerHandler

.text.TIMER0_Handler
                0x0000000000003d10       0x48
 .text.TIMER0_Handler
                0x0000000000003d10       0x48 ./output/IntQueueTimer.o
                0x0000000000003d10                TIMER0_Handler

.text.TIMER1_Handler
                0x0000000000003d58       0x48
 .text.TIMER1_Handler
                0x0000000000003d58       0x48 ./output/IntQueueTimer.o
                0x0000000000003d58                TIMER1_Handler

.text.main      0x0000000000003da0       0x10
 .text.main     0x0000000000003da0       0x10 ./output/main.o
                0x0000000000003da0                main

.text.vApplicationMallocFailedHook
                0x0000000000003db0       0x28
 .text.vApplicationMallocFailedHook
                0x0000000000003db0       0x28 ./output/main.o
                0x0000000000003db0                vApplicationMallocFailedHook

.text.vApplicationStackOverflowHook
                0x0000000000003dd8       0x2c
 .text.vApplicationStackOverflowHook
                0x0000000000003dd8       0x2c ./output/main.o
                0x0000000000003dd8                vApplicationStackOverflowHook

.text.vApplicationTickHook
                0x0000000000003e04        0xc
 .text.vApplicationTickHook
                0x0000000000003e04        0xc ./output/main.o
                0x0000000000003e04                vApplicationTickHook

.text.vAssertCalled
                0x0000000000003e10       0x3c
 .text.vAssertCalled
                0x0000000000003e10       0x3c ./output/main.o
                0x0000000000003e10                vAssertCalled

.text.vApplicationGetIdleTaskMemory
                0x0000000000003e4c       0x30
 .text.vApplicationGetIdleTaskMemory
                0x0000000000003e4c       0x30 ./output/main.o
                0x0000000000003e4c                vApplicationGetIdleTaskMemory

.text.vApplicationGetTimerTaskMemory
                0x0000000000003e7c       0x30
 .text.vApplicationGetTimerTaskMemory
                0x0000000000003e7c       0x30 ./output/main.o
                0x0000000000003e7c                vApplicationGetTimerTaskMemory

.text.prvUARTInit
                0x0000000000003eac       0x20
 .text.prvUARTInit
                0x0000000000003eac       0x20 ./output/main.o

.text.vBarberTask
                0x0000000000003ecc       0x9c
 .text.vBarberTask
                0x0000000000003ecc       0x9c ./output/demoBarber.o
                0x0000000000003ecc                vBarberTask

.text.vCustomerTask
                0x0000000000003f68       0x7c
 .text.vCustomerTask
                0x0000000000003f68       0x7c ./output/demoBarber.o
                0x0000000000003f68                vCustomerTask

.text.vCustomerGeneratorTask
                0x0000000000003fe4       0x60
 .text.vCustomerGeneratorTask
                0x0000000000003fe4       0x60 ./output/demoBarber.o
                0x0000000000003fe4                vCustomerGeneratorTask

.text.demoBarber
                0x0000000000004044       0xf0
 .text.demoBarber
                0x0000000000004044       0xf0 ./output/demoBarber.o
                0x0000000000004044                demoBarber

.text.Reset_Handler
                0x0000000000004134        0xc
 .text.Reset_Handler
                0x0000000000004134        0xc ./output/startup_gcc.o
                0x0000000000004134                Reset_Handler

.text.prvGetRegistersFromStack
                0x0000000000004140       0x84
 .text.prvGetRegistersFromStack
                0x0000000000004140       0x84 ./output/startup_gcc.o
                0x0000000000004140                prvGetRegistersFromStack

.text.Default_Handler
                0x0000000000004200       0x18
 .text.Default_Handler
                0x0000000000004200       0x18 ./output/startup_gcc.o

.text.HardFault_Handler
                0x0000000000004300       0x1c
 .text.HardFault_Handler
                0x0000000000004300       0x1c ./output/startup_gcc.o

.text.printchar
                0x000000000000431c       0x62
 .text.printchar
                0x000000000000431c       0x62 ./output/printf-stdarg.o

.text.prints    0x000000000000437e       0xb6
 .text.prints   0x000000000000437e       0xb6 ./output/printf-stdarg.o

.text.printi    0x0000000000004434       0xe2
 .text.printi   0x0000000000004434       0xe2 ./output/printf-stdarg.o

.text.tiny_print
                0x0000000000004518      0x1fc
 .text.tiny_print
                0x0000000000004518      0x1fc ./output/printf-stdarg.o

.text.printf    0x0000000000004714       0x2a
 .text.printf   0x0000000000004714       0x2a ./output/printf-stdarg.o
                0x0000000000004714                printf

.text.__sflush_r
                0x0000000000004740      0x104
 .text.__sflush_r
                0x0000000000004740      0x104 /usr/local/Cellar/arm-none-eabi-gcc/10.3-2021.10/gcc/bin/../lib/gcc/arm-none-eabi/10.3.1/../../../../arm-none-eabi/lib/thumb/v7-m/nofp/libg_nano.a(lib_a-fflush.o)
                0x0000000000004740                __sflush_r

.text._fflush_r
                0x0000000000004844       0x78
 .text._fflush_r
                0x0000000000004844       0x78 /usr/local/Cellar/arm-none-eabi-gcc/10.3-2021.10/gcc/bin/../lib/gcc/arm-none-eabi/10.3.1/../../../../arm-none-eabi/lib/thumb/v7-m/nofp/libg_nano.a(lib_a-fflush.o)
                0x0000000000004844                _fflush_r

.text.fflush    0x00000000000048bc       0x24
 .text.fflush   0x00000000000048bc       0x24 /usr/local/Cellar/arm-none-eabi-gcc/10.3-2021.10/gcc/bin/../lib/gcc/arm-none-eabi/10.3.1/../../../../arm-none-eabi/lib/thumb/v7-m/nofp/libg_nano.a(lib_a-fflush.o)
                0x00000000000048bc                fflush

.text.std       0x00000000000048e0       0x48
 .text.std      0x00000000000048e0       0x48 /usr/local/Cellar/arm-none-eabi-gcc/10.3-2021.10/gcc/bin/../lib/gcc/arm-none-eabi/10.3.1/../../../../arm-none-eabi/lib/thumb/v7-m/nofp/libg_nano.a(lib_a-findfp.o)

.text._cleanup_r
                0x0000000000004928        0xc
 .text._cleanup_r
                0x0000000000004928        0xc /usr/local/Cellar/arm-none-eabi-gcc/10.3-2021.10/gcc/bin/../lib/gcc/arm-none-eabi/10.3.1/../../../../arm-none-eabi/lib/thumb/v7-m/nofp/libg_nano.a(lib_a-findfp.o)
                0x0000000000004928                _cleanup_r

.text.__sfmoreglue
                0x0000000000004934       0x2c
 .text.__sfmoreglue
                0x0000000000004934       0x2c /usr/local/Cellar/arm-none-eabi-gcc/10.3-2021.10/gcc/bin/../lib/gcc/arm-none-eabi/10.3.1/../../../../arm-none-eabi/lib/thumb/v7-m/nofp/libg_nano.a(lib_a-findfp.o)
                0x0000000000004934                __sfmoreglue

.text.__sfp_lock_acquire
                0x0000000000004960        0xc
 .text.__sfp_lock_acquire
                0x0000000000004960        0xc /usr/local/Cellar/arm-none-eabi-gcc/10.3-2021.10/gcc/bin/../lib/gcc/arm-none-eabi/10.3.1/../../../../arm-none-eabi/lib/thumb/v7-m/nofp/libg_nano.a(lib_a-findfp.o)
                0x0000000000004960                __sfp_lock_acquire

.text.__sfp_lock_release
                0x000000000000496c        0xc
 .text.__sfp_lock_release
                0x000000000000496c        0xc /usr/local/Cellar/arm-none-eabi-gcc/10.3-2021.10/gcc/bin/../lib/gcc/arm-none-eabi/10.3.1/../../../../arm-none-eabi/lib/thumb/v7-m/nofp/libg_nano.a(lib_a-findfp.o)
                0x000000000000496c                __sfp_lock_release

.text.__sinit_lock_acquire
                0x0000000000004978        0xc
 .text.__sinit_lock_acquire
                0x0000000000004978        0xc /usr/local/Cellar/arm-none-eabi-gcc/10.3-2021.10/gcc/bin/../lib/gcc/arm-none-eabi/10.3.1/../../../../arm-none-eabi/lib/thumb/v7-m/nofp/libg_nano.a(lib_a-findfp.o)
                0x0000000000004978                __sinit_lock_acquire

.text.__sinit_lock_release
                0x0000000000004984        0xc
 .text.__sinit_lock_release
                0x0000000000004984        0xc /usr/local/Cellar/arm-none-eabi-gcc/10.3-2021.10/gcc/bin/../lib/gcc/arm-none-eabi/10.3.1/../../../../arm-none-eabi/lib/thumb/v7-m/nofp/libg_nano.a(lib_a-findfp.o)
                0x0000000000004984                __sinit_lock_release

.text.__sinit   0x0000000000004990       0x70
 .text.__sinit  0x0000000000004990       0x70 /usr/local/Cellar/arm-none-eabi-gcc/10.3-2021.10/gcc/bin/../lib/gcc/arm-none-eabi/10.3.1/../../../../arm-none-eabi/lib/thumb/v7-m/nofp/libg_nano.a(lib_a-findfp.o)
                0x0000000000004990                __sinit

.text.__sfp     0x0000000000004a00       0x8c
 .text.__sfp    0x0000000000004a00       0x8c /usr/local/Cellar/arm-none-eabi-gcc/10.3-2021.10/gcc/bin/../lib/gcc/arm-none-eabi/10.3.1/../../../../arm-none-eabi/lib/thumb/v7-m/nofp/libg_nano.a(lib_a-findfp.o)
                0x0000000000004a00                __sfp

.text._fwalk_reent
                0x0000000000004a8c       0x3e
 .text._fwalk_reent
                0x0000000000004a8c       0x3e /usr/local/Cellar/arm-none-eabi-gcc/10.3-2021.10/gcc/bin/../lib/gcc/arm-none-eabi/10.3.1/../../../../arm-none-eabi/lib/thumb/v7-m/nofp/libg_nano.a(lib_a-fwalk.o)
                0x0000000000004a8c                _fwalk_reent

.text.__retarget_lock_init_recursive
                0x0000000000004aca        0x2
 .text.__retarget_lock_init_recursive
                0x0000000000004aca        0x2 /usr/local/Cellar/arm-none-eabi-gcc/10.3-2021.10/gcc/bin/../lib/gcc/arm-none-eabi/10.3.1/../../../../arm-none-eabi/lib/thumb/v7-m/nofp/libg_nano.a(lib_a-lock.o)
                0x0000000000004aca                __retarget_lock_init_recursive

.text.__retarget_lock_acquire_recursive
                0x0000000000004acc        0x2
 .text.__retarget_lock_acquire_recursive
                0x0000000000004acc        0x2 /usr/local/Cellar/arm-none-eabi-gcc/10.3-2021.10/gcc/bin/../lib/gcc/arm-none-eabi/10.3.1/../../../../arm-none-eabi/lib/thumb/v7-m/nofp/libg_nano.a(lib_a-lock.o)
                0x0000000000004acc                __retarget_lock_acquire_recursive

.text.__retarget_lock_release_recursive
                0x0000000000004ace        0x2
 .text.__retarget_lock_release_recursive
                0x0000000000004ace        0x2 /usr/local/Cellar/arm-none-eabi-gcc/10.3-2021.10/gcc/bin/../lib/gcc/arm-none-eabi/10.3.1/../../../../arm-none-eabi/lib/thumb/v7-m/nofp/libg_nano.a(lib_a-lock.o)
                0x0000000000004ace                __retarget_lock_release_recursive

.text.memcpy    0x0000000000004ad0       0x1c
 .text.memcpy   0x0000000000004ad0       0x1c /usr/local/Cellar/arm-none-eabi-gcc/10.3-2021.10/gcc/bin/../lib/gcc/arm-none-eabi/10.3.1/../../../../arm-none-eabi/lib/thumb/v7-m/nofp/libg_nano.a(lib_a-memcpy-stub.o)
                0x0000000000004ad0                memcpy

.text.memset    0x0000000000004aec       0x10
 .text.memset   0x0000000000004aec       0x10 /usr/local/Cellar/arm-none-eabi-gcc/10.3-2021.10/gcc/bin/../lib/gcc/arm-none-eabi/10.3.1/../../../../arm-none-eabi/lib/thumb/v7-m/nofp/libg_nano.a(lib_a-memset.o)
                0x0000000000004aec                memset

.text._free_r   0x0000000000004afc       0x90
 .text._free_r  0x0000000000004afc       0x90 /usr/local/Cellar/arm-none-eabi-gcc/10.3-2021.10/gcc/bin/../lib/gcc/arm-none-eabi/10.3.1/../../../../arm-none-eabi/lib/thumb/v7-m/nofp/libg_nano.a(lib_a-nano-freer.o)
                0x0000000000004afc                _free_r

.text.sbrk_aligned
                0x0000000000004b8c       0x40
 .text.sbrk_aligned
                0x0000000000004b8c       0x40 /usr/local/Cellar/arm-none-eabi-gcc/10.3-2021.10/gcc/bin/../lib/gcc/arm-none-eabi/10.3.1/../../../../arm-none-eabi/lib/thumb/v7-m/nofp/libg_nano.a(lib_a-nano-mallocr.o)

.text._malloc_r
                0x0000000000004bcc       0xe8
 .text._malloc_r
                0x0000000000004bcc       0xe8 /usr/local/Cellar/arm-none-eabi-gcc/10.3-2021.10/gcc/bin/../lib/gcc/arm-none-eabi/10.3.1/../../../../arm-none-eabi/lib/thumb/v7-m/nofp/libg_nano.a(lib_a-nano-mallocr.o)
                0x0000000000004bcc                _malloc_r

.text._sbrk_r   0x0000000000004cb4       0x20
 .text._sbrk_r  0x0000000000004cb4       0x20 /usr/local/Cellar/arm-none-eabi-gcc/10.3-2021.10/gcc/bin/../lib/gcc/arm-none-eabi/10.3.1/../../../../arm-none-eabi/lib/thumb/v7-m/nofp/libg_nano.a(lib_a-sbrkr.o)
                0x0000000000004cb4                _sbrk_r

.text.__sread   0x0000000000004cd4       0x22
 .text.__sread  0x0000000000004cd4       0x22 /usr/local/Cellar/arm-none-eabi-gcc/10.3-2021.10/gcc/bin/../lib/gcc/arm-none-eabi/10.3.1/../../../../arm-none-eabi/lib/thumb/v7-m/nofp/libg_nano.a(lib_a-stdio.o)
                0x0000000000004cd4                __sread

.text.__swrite  0x0000000000004cf6       0x38
 .text.__swrite
                0x0000000000004cf6       0x38 /usr/local/Cellar/arm-none-eabi-gcc/10.3-2021.10/gcc/bin/../lib/gcc/arm-none-eabi/10.3.1/../../../../arm-none-eabi/lib/thumb/v7-m/nofp/libg_nano.a(lib_a-stdio.o)
                0x0000000000004cf6                __swrite

.text.__sseek   0x0000000000004d2e       0x24
 .text.__sseek  0x0000000000004d2e       0x24 /usr/local/Cellar/arm-none-eabi-gcc/10.3-2021.10/gcc/bin/../lib/gcc/arm-none-eabi/10.3.1/../../../../arm-none-eabi/lib/thumb/v7-m/nofp/libg_nano.a(lib_a-stdio.o)
                0x0000000000004d2e                __sseek

.text.__sclose  0x0000000000004d52        0x8
 .text.__sclose
                0x0000000000004d52        0x8 /usr/local/Cellar/arm-none-eabi-gcc/10.3-2021.10/gcc/bin/../lib/gcc/arm-none-eabi/10.3.1/../../../../arm-none-eabi/lib/thumb/v7-m/nofp/libg_nano.a(lib_a-stdio.o)
                0x0000000000004d52                __sclose

.text._write_r  0x0000000000004d5c       0x24
 .text._write_r
                0x0000000000004d5c       0x24 /usr/local/Cellar/arm-none-eabi-gcc/10.3-2021.10/gcc/bin/../lib/gcc/arm-none-eabi/10.3.1/../../../../arm-none-eabi/lib/thumb/v7-m/nofp/libg_nano.a(lib_a-writer.o)
                0x0000000000004d5c                _write_r

.text._close_r  0x0000000000004d80       0x20
 .text._close_r
                0x0000000000004d80       0x20 /usr/local/Cellar/arm-none-eabi-gcc/10.3-2021.10/gcc/bin/../lib/gcc/arm-none-eabi/10.3.1/../../../../arm-none-eabi/lib/thumb/v7-m/nofp/libg_nano.a(lib_a-closer.o)
                0x0000000000004d80                _close_r

.text._lseek_r  0x0000000000004da0       0x24
 .text._lseek_r
                0x0000000000004da0       0x24 /usr/local/Cellar/arm-none-eabi-gcc/10.3-2021.10/gcc/bin/../lib/gcc/arm-none-eabi/10.3.1/../../../../arm-none-eabi/lib/thumb/v7-m/nofp/libg_nano.a(lib_a-lseekr.o)
                0x0000000000004da0                _lseek_r

.text.__malloc_lock
                0x0000000000004dc4        0xc
 .text.__malloc_lock
                0x0000000000004dc4        0xc /usr/local/Cellar/arm-none-eabi-gcc/10.3-2021.10/gcc/bin/../lib/gcc/arm-none-eabi/10.3.1/../../../../arm-none-eabi/lib/thumb/v7-m/nofp/libg_nano.a(lib_a-mlock.o)
                0x0000000000004dc4                __malloc_lock

.text.__malloc_unlock
                0x0000000000004dd0        0xc
 .text.__malloc_unlock
                0x0000000000004dd0        0xc /usr/local/Cellar/arm-none-eabi-gcc/10.3-2021.10/gcc/bin/../lib/gcc/arm-none-eabi/10.3.1/../../../../arm-none-eabi/lib/thumb/v7-m/nofp/libg_nano.a(lib_a-mlock.o)
                0x0000000000004dd0                __malloc_unlock

.text._read_r   0x0000000000004ddc       0x24
 .text._read_r  0x0000000000004ddc       0x24 /usr/local/Cellar/arm-none-eabi-gcc/10.3-2021.10/gcc/bin/../lib/gcc/arm-none-eabi/10.3.1/../../../../arm-none-eabi/lib/thumb/v7-m/nofp/libg_nano.a(lib_a-readr.o)
                0x0000000000004ddc                _read_r

.text.findslot  0x0000000000004e00       0x34
 .text.findslot
                0x0000000000004e00       0x34 /usr/local/Cellar/arm-none-eabi-gcc/10.3-2021.10/gcc/bin/../lib/gcc/arm-none-eabi/10.3.1/../../../../arm-none-eabi/lib/thumb/v7-m/nofp/librdimon_nano.a(rdimon-syscalls.o)

.text.error     0x0000000000004e34       0x1c
 .text.error    0x0000000000004e34       0x1c /usr/local/Cellar/arm-none-eabi-gcc/10.3-2021.10/gcc/bin/../lib/gcc/arm-none-eabi/10.3.1/../../../../arm-none-eabi/lib/thumb/v7-m/nofp/librdimon_nano.a(rdimon-syscalls.o)

.text.checkerror
                0x0000000000004e50        0xa
 .text.checkerror
                0x0000000000004e50        0xa /usr/local/Cellar/arm-none-eabi-gcc/10.3-2021.10/gcc/bin/../lib/gcc/arm-none-eabi/10.3.1/../../../../arm-none-eabi/lib/thumb/v7-m/nofp/librdimon_nano.a(rdimon-syscalls.o)

.text._swiread  0x0000000000004e5a       0x20
 .text._swiread
                0x0000000000004e5a       0x20 /usr/local/Cellar/arm-none-eabi-gcc/10.3-2021.10/gcc/bin/../lib/gcc/arm-none-eabi/10.3.1/../../../../arm-none-eabi/lib/thumb/v7-m/nofp/librdimon_nano.a(rdimon-syscalls.o)
                0x0000000000004e5a                _swiread

.text._read     0x0000000000004e7a       0x34
 .text._read    0x0000000000004e7a       0x34 /usr/local/Cellar/arm-none-eabi-gcc/10.3-2021.10/gcc/bin/../lib/gcc/arm-none-eabi/10.3.1/../../../../arm-none-eabi/lib/thumb/v7-m/nofp/librdimon_nano.a(rdimon-syscalls.o)
                0x0000000000004e7a                _read

.text._swilseek
                0x0000000000004eae       0x78
 .text._swilseek
                0x0000000000004eae       0x78 /usr/local/Cellar/arm-none-eabi-gcc/10.3-2021.10/gcc/bin/../lib/gcc/arm-none-eabi/10.3.1/../../../../arm-none-eabi/lib/thumb/v7-m/nofp/librdimon_nano.a(rdimon-syscalls.o)
                0x0000000000004eae                _swilseek

.text._lseek    0x0000000000004f26        0x4
 .text._lseek   0x0000000000004f26        0x4 /usr/local/Cellar/arm-none-eabi-gcc/10.3-2021.10/gcc/bin/../lib/gcc/arm-none-eabi/10.3.1/../../../../arm-none-eabi/lib/thumb/v7-m/nofp/librdimon_nano.a(rdimon-syscalls.o)
                0x0000000000004f26                _lseek

.text._swiwrite
                0x0000000000004f2a       0x20
 .text._swiwrite
                0x0000000000004f2a       0x20 /usr/local/Cellar/arm-none-eabi-gcc/10.3-2021.10/gcc/bin/../lib/gcc/arm-none-eabi/10.3.1/../../../../arm-none-eabi/lib/thumb/v7-m/nofp/librdimon_nano.a(rdimon-syscalls.o)
                0x0000000000004f2a                _swiwrite

.text._write    0x0000000000004f4a       0x40
 .text._write   0x0000000000004f4a       0x40 /usr/local/Cellar/arm-none-eabi-gcc/10.3-2021.10/gcc/bin/../lib/gcc/arm-none-eabi/10.3.1/../../../../arm-none-eabi/lib/thumb/v7-m/nofp/librdimon_nano.a(rdimon-syscalls.o)
                0x0000000000004f4a                _write

.text._swiclose
                0x0000000000004f8a       0x1a
 .text._swiclose
                0x0000000000004f8a       0x1a /usr/local/Cellar/arm-none-eabi-gcc/10.3-2021.10/gcc/bin/../lib/gcc/arm-none-eabi/10.3.1/../../../../arm-none-eabi/lib/thumb/v7-m/nofp/librdimon_nano.a(rdimon-syscalls.o)
                0x0000000000004f8a                _swiclose

.text._close    0x0000000000004fa4       0x4c
 .text._close   0x0000000000004fa4       0x4c /usr/local/Cellar/arm-none-eabi-gcc/10.3-2021.10/gcc/bin/../lib/gcc/arm-none-eabi/10.3.1/../../../../arm-none-eabi/lib/thumb/v7-m/nofp/librdimon_nano.a(rdimon-syscalls.o)
                0x0000000000004fa4                _close

.text._sbrk     0x0000000000004ff0       0x48
 .text._sbrk    0x0000000000004ff0       0x48 /usr/local/Cellar/arm-none-eabi-gcc/10.3-2021.10/gcc/bin/../lib/gcc/arm-none-eabi/10.3.1/../../../../arm-none-eabi/lib/thumb/v7-m/nofp/librdimon_nano.a(rdimon-syscalls.o)
                0x0000000000004ff0                _sbrk

.text.__errno   0x0000000000005038        0xc
 .text.__errno  0x0000000000005038        0xc /usr/local/Cellar/arm-none-eabi-gcc/10.3-2021.10/gcc/bin/../lib/gcc/arm-none-eabi/10.3.1/../../../../arm-none-eabi/lib/thumb/v7-m/nofp/libc_nano.a(lib_a-errno.o)
                0x0000000000005038                __errno

.rel.dyn        0x0000000000005044        0x0
 .rel.iplt      0x0000000000005044        0x0 ./output/tasks.o

.data           0x0000000020000000        0x0
                0x0000000020000000                . = ALIGN (0x8)
                0x0000000020000000                _data = .
                0x0000000020000000                _sdata = .
 *(vtable)
 *(.data)
                0x0000000020000000                _edata = .

.data.uxTopUsedPriority
                0x0000000020000000        0x4
 .data.uxTopUsedPriority
                0x0000000020000000        0x4 ./output/tasks.o
                0x0000000020000000                uxTopUsedPriority

.igot.plt       0x0000000020000004        0x0
 .igot.plt      0x0000000020000004        0x0 ./output/tasks.o

.data.uxCriticalNesting
                0x0000000020000004        0x4
 .data.uxCriticalNesting
                0x0000000020000004        0x4 ./output/port.o

.data.xErrorStatus
                0x0000000020000008        0x4
 .data.xErrorStatus
                0x0000000020000008        0x4 ./output/IntQueue.o

.data._impure_ptr
                0x000000002000000c        0x4
 .data._impure_ptr
                0x000000002000000c        0x4 /usr/local/Cellar/arm-none-eabi-gcc/10.3-2021.10/gcc/bin/../lib/gcc/arm-none-eabi/10.3.1/../../../../arm-none-eabi/lib/thumb/v7-m/nofp/libg_nano.a(lib_a-impure.o)
                0x000000002000000c                _impure_ptr

.data.impure_data
                0x0000000020000010       0x60
 .data.impure_data
                0x0000000020000010       0x60 /usr/local/Cellar/arm-none-eabi-gcc/10.3-2021.10/gcc/bin/../lib/gcc/arm-none-eabi/10.3.1/../../../../arm-none-eabi/lib/thumb/v7-m/nofp/libg_nano.a(lib_a-impure.o)

.data.__heap_limit
                0x0000000020000070        0x4
 .data.__heap_limit
                0x0000000020000070        0x4 /usr/local/Cellar/arm-none-eabi-gcc/10.3-2021.10/gcc/bin/../lib/gcc/arm-none-eabi/10.3.1/../../../../arm-none-eabi/lib/thumb/v7-m/nofp/librdimon_nano.a(rdimon-syscalls.o)
                0x0000000020000070                __heap_limit

.bss            0x0000000020000074        0x4
                0x0000000020000078                . = ALIGN (0x8)
 *fill*         0x0000000020000074        0x4 
                0x0000000020000078                _bss = .
                0x0000000020000078                _sbss = .
 *(.bss)
                0x0000000020000078                _ebss = .

.bss.pxCurrentTCB
                0x0000000020000078        0x4
 .bss.pxCurrentTCB
                0x0000000020000078        0x4 ./output/tasks.o
                0x0000000020000078                pxCurrentTCB

.bss.pxReadyTasksLists
                0x000000002000007c       0xb4
 .bss.pxReadyTasksLists
                0x000000002000007c       0xb4 ./output/tasks.o

.bss.xDelayedTaskList1
                0x0000000020000130       0x14
 .bss.xDelayedTaskList1
                0x0000000020000130       0x14 ./output/tasks.o

.bss.xDelayedTaskList2
                0x0000000020000144       0x14
 .bss.xDelayedTaskList2
                0x0000000020000144       0x14 ./output/tasks.o

.bss.pxDelayedTaskList
                0x0000000020000158        0x4
 .bss.pxDelayedTaskList
                0x0000000020000158        0x4 ./output/tasks.o

.bss.pxOverflowDelayedTaskList
                0x000000002000015c        0x4
 .bss.pxOverflowDelayedTaskList
                0x000000002000015c        0x4 ./output/tasks.o

.bss.xPendingReadyList
                0x0000000020000160       0x14
 .bss.xPendingReadyList
                0x0000000020000160       0x14 ./output/tasks.o

.bss.xTasksWaitingTermination
                0x0000000020000174       0x14
 .bss.xTasksWaitingTermination
                0x0000000020000174       0x14 ./output/tasks.o

.bss.uxDeletedTasksWaitingCleanUp
                0x0000000020000188        0x4
 .bss.uxDeletedTasksWaitingCleanUp
                0x0000000020000188        0x4 ./output/tasks.o

.bss.xSuspendedTaskList
                0x000000002000018c       0x14
 .bss.xSuspendedTaskList
                0x000000002000018c       0x14 ./output/tasks.o

.bss.uxCurrentNumberOfTasks
                0x00000000200001a0        0x4
 .bss.uxCurrentNumberOfTasks
                0x00000000200001a0        0x4 ./output/tasks.o

.bss.xTickCount
                0x00000000200001a4        0x4
 .bss.xTickCount
                0x00000000200001a4        0x4 ./output/tasks.o

.bss.uxTopReadyPriority
                0x00000000200001a8        0x4
 .bss.uxTopReadyPriority
                0x00000000200001a8        0x4 ./output/tasks.o

.bss.xSchedulerRunning
                0x00000000200001ac        0x4
 .bss.xSchedulerRunning
                0x00000000200001ac        0x4 ./output/tasks.o

.bss.xPendedTicks
                0x00000000200001b0        0x4
 .bss.xPendedTicks
                0x00000000200001b0        0x4 ./output/tasks.o

.bss.xYieldPending
                0x00000000200001b4        0x4
 .bss.xYieldPending
                0x00000000200001b4        0x4 ./output/tasks.o

.bss.xNumOfOverflows
                0x00000000200001b8        0x4
 .bss.xNumOfOverflows
                0x00000000200001b8        0x4 ./output/tasks.o

.bss.uxTaskNumber
                0x00000000200001bc        0x4
 .bss.uxTaskNumber
                0x00000000200001bc        0x4 ./output/tasks.o

.bss.xNextTaskUnblockTime
                0x00000000200001c0        0x4
 .bss.xNextTaskUnblockTime
                0x00000000200001c0        0x4 ./output/tasks.o

.bss.xIdleTaskHandle
                0x00000000200001c4        0x4
 .bss.xIdleTaskHandle
                0x00000000200001c4        0x4 ./output/tasks.o

.bss.uxSchedulerSuspended
                0x00000000200001c8        0x4
 .bss.uxSchedulerSuspended
                0x00000000200001c8        0x4 ./output/tasks.o

.bss.xQueueRegistry
                0x00000000200001cc       0x50
 .bss.xQueueRegistry
                0x00000000200001cc       0x50 ./output/queue.o
                0x00000000200001cc                xQueueRegistry

.bss.xActiveTimerList1
                0x000000002000021c       0x14
 .bss.xActiveTimerList1
                0x000000002000021c       0x14 ./output/timers.o

.bss.xActiveTimerList2
                0x0000000020000230       0x14
 .bss.xActiveTimerList2
                0x0000000020000230       0x14 ./output/timers.o

.bss.pxCurrentTimerList
                0x0000000020000244        0x4
 .bss.pxCurrentTimerList
                0x0000000020000244        0x4 ./output/timers.o

.bss.pxOverflowTimerList
                0x0000000020000248        0x4
 .bss.pxOverflowTimerList
                0x0000000020000248        0x4 ./output/timers.o

.bss.xTimerQueue
                0x000000002000024c        0x4
 .bss.xTimerQueue
                0x000000002000024c        0x4 ./output/timers.o

.bss.xTimerTaskHandle
                0x0000000020000250        0x4
 .bss.xTimerTaskHandle
                0x0000000020000250        0x4 ./output/timers.o

.bss.xLastTime.2
                0x0000000020000254        0x4
 .bss.xLastTime.2
                0x0000000020000254        0x4 ./output/timers.o

.bss.ucStaticTimerQueueStorage.1
                0x0000000020000258      0x140
 .bss.ucStaticTimerQueueStorage.1
                0x0000000020000258      0x140 ./output/timers.o

.bss.xStaticTimerQueue.0
                0x0000000020000398       0x4c
 .bss.xStaticTimerQueue.0
                0x0000000020000398       0x4c ./output/timers.o

.bss.ucHeap     0x00000000200003e4     0xf000
 .bss.ucHeap    0x00000000200003e4     0xf000 ./output/heap_4.o

.bss.xStart     0x000000002000f3e4        0x8
 .bss.xStart    0x000000002000f3e4        0x8 ./output/heap_4.o

.bss.pxEnd      0x000000002000f3ec        0x4
 .bss.pxEnd     0x000000002000f3ec        0x4 ./output/heap_4.o

.bss.xFreeBytesRemaining
                0x000000002000f3f0        0x4
 .bss.xFreeBytesRemaining
                0x000000002000f3f0        0x4 ./output/heap_4.o

.bss.xMinimumEverFreeBytesRemaining
                0x000000002000f3f4        0x4
 .bss.xMinimumEverFreeBytesRemaining
                0x000000002000f3f4        0x4 ./output/heap_4.o

.bss.xNumberOfSuccessfulAllocations
                0x000000002000f3f8        0x4
 .bss.xNumberOfSuccessfulAllocations
                0x000000002000f3f8        0x4 ./output/heap_4.o

.bss.xNumberOfSuccessfulFrees
                0x000000002000f3fc        0x4
 .bss.xNumberOfSuccessfulFrees
                0x000000002000f3fc        0x4 ./output/heap_4.o

.bss.ucMaxSysCallPriority
                0x000000002000f400        0x1
 .bss.ucMaxSysCallPriority
                0x000000002000f400        0x1 ./output/port.o

.bss.ulMaxPRIGROUPValue
                0x000000002000f404        0x4
 .bss.ulMaxPRIGROUPValue
                0x000000002000f404        0x4 ./output/port.o

.bss.xNormallyEmptyQueue
                0x000000002000f408        0x4
 .bss.xNormallyEmptyQueue
                0x000000002000f408        0x4 ./output/IntQueue.o

.bss.xNormallyFullQueue
                0x000000002000f40c        0x4
 .bss.xNormallyFullQueue
                0x000000002000f40c        0x4 ./output/IntQueue.o

.bss.xErrorLine
                0x000000002000f410        0x4
 .bss.xErrorLine
                0x000000002000f410        0x4 ./output/IntQueue.o

.bss.uxValueForNormallyEmptyQueue
                0x000000002000f414        0x4
 .bss.uxValueForNormallyEmptyQueue
                0x000000002000f414        0x4 ./output/IntQueue.o

.bss.uxValueForNormallyFullQueue
                0x000000002000f418        0x4
 .bss.uxValueForNormallyFullQueue
                0x000000002000f418        0x4 ./output/IntQueue.o

.bss.ucNormallyEmptyReceivedValues
                0x000000002000f41c       0xc8
 .bss.ucNormallyEmptyReceivedValues
                0x000000002000f41c       0xc8 ./output/IntQueue.o

.bss.ucNormallyFullReceivedValues
                0x000000002000f4e4       0xc8
 .bss.ucNormallyFullReceivedValues
                0x000000002000f4e4       0xc8 ./output/IntQueue.o

.bss.uxNextOperation.5
                0x000000002000f5ac        0x4
 .bss.uxNextOperation.5
                0x000000002000f5ac        0x4 ./output/IntQueue.o

.bss.uxNextOperation.4
                0x000000002000f5b0        0x4
 .bss.uxNextOperation.4
                0x000000002000f5b0        0x4 ./output/IntQueue.o

.bss.ulNest     0x000000002000f5b4        0x4
 .bss.ulNest    0x000000002000f5b4        0x4 ./output/IntQueueTimer.o
                0x000000002000f5b4                ulNest

.bss.ulNestCount
                0x000000002000f5b8        0x4
 .bss.ulNestCount
                0x000000002000f5b8        0x4 ./output/IntQueueTimer.o
                0x000000002000f5b8                ulNestCount

.bss.xIdleTaskTCB.3
                0x000000002000f5bc       0x5c
 .bss.xIdleTaskTCB.3
                0x000000002000f5bc       0x5c ./output/main.o

.bss.uxIdleTaskStack.2
                0x000000002000f618      0x140
 .bss.uxIdleTaskStack.2
                0x000000002000f618      0x140 ./output/main.o

.bss.xTimerTaskTCB.1
                0x000000002000f758       0x5c
 .bss.xTimerTaskTCB.1
                0x000000002000f758       0x5c ./output/main.o

.bss.uxTimerTaskStack.0
                0x000000002000f7b4      0x280
 .bss.uxTimerTaskStack.0
                0x000000002000f7b4      0x280 ./output/main.o

.bss.xWaitingRoomQueue
                0x000000002000fa34        0x4
 .bss.xWaitingRoomQueue
                0x000000002000fa34        0x4 ./output/demoBarber.o
                0x000000002000fa34                xWaitingRoomQueue

.bss.xBarberChair
                0x000000002000fa38        0x4
 .bss.xBarberChair
                0x000000002000fa38        0x4 ./output/demoBarber.o
                0x000000002000fa38                xBarberChair

.bss.r0         0x000000002000fa3c        0x4
 .bss.r0        0x000000002000fa3c        0x4 ./output/startup_gcc.o
                0x000000002000fa3c                r0

.bss.r1         0x000000002000fa40        0x4
 .bss.r1        0x000000002000fa40        0x4 ./output/startup_gcc.o
                0x000000002000fa40                r1

.bss.r2         0x000000002000fa44        0x4
 .bss.r2        0x000000002000fa44        0x4 ./output/startup_gcc.o
                0x000000002000fa44                r2

.bss.r3         0x000000002000fa48        0x4
 .bss.r3        0x000000002000fa48        0x4 ./output/startup_gcc.o
                0x000000002000fa48                r3

.bss.r12        0x000000002000fa4c        0x4
 .bss.r12       0x000000002000fa4c        0x4 ./output/startup_gcc.o
                0x000000002000fa4c                r12

.bss.lr         0x000000002000fa50        0x4
 .bss.lr        0x000000002000fa50        0x4 ./output/startup_gcc.o
                0x000000002000fa50                lr

.bss.pc         0x000000002000fa54        0x4
 .bss.pc        0x000000002000fa54        0x4 ./output/startup_gcc.o
                0x000000002000fa54                pc

.bss.psr        0x000000002000fa58        0x4
 .bss.psr       0x000000002000fa58        0x4 ./output/startup_gcc.o
                0x000000002000fa58                psr

.bss.__lock___malloc_recursive_mutex
                0x000000002000fa5c        0x1
 .bss.__lock___malloc_recursive_mutex
                0x000000002000fa5c        0x1 /usr/local/Cellar/arm-none-eabi-gcc/10.3-2021.10/gcc/bin/../lib/gcc/arm-none-eabi/10.3.1/../../../../arm-none-eabi/lib/thumb/v7-m/nofp/libg_nano.a(lib_a-lock.o)
                0x000000002000fa5c                __lock___malloc_recursive_mutex

.bss.__lock___sfp_recursive_mutex
                0x000000002000fa5d        0x1
 .bss.__lock___sfp_recursive_mutex
                0x000000002000fa5d        0x1 /usr/local/Cellar/arm-none-eabi-gcc/10.3-2021.10/gcc/bin/../lib/gcc/arm-none-eabi/10.3.1/../../../../arm-none-eabi/lib/thumb/v7-m/nofp/libg_nano.a(lib_a-lock.o)
                0x000000002000fa5d                __lock___sfp_recursive_mutex

.bss.__lock___sinit_recursive_mutex
                0x000000002000fa5e        0x1
 .bss.__lock___sinit_recursive_mutex
                0x000000002000fa5e        0x1 /usr/local/Cellar/arm-none-eabi-gcc/10.3-2021.10/gcc/bin/../lib/gcc/arm-none-eabi/10.3.1/../../../../arm-none-eabi/lib/thumb/v7-m/nofp/libg_nano.a(lib_a-lock.o)
                0x000000002000fa5e                __lock___sinit_recursive_mutex

.bss.__malloc_free_list
                0x000000002000fa60        0x4
 .bss.__malloc_free_list
                0x000000002000fa60        0x4 /usr/local/Cellar/arm-none-eabi-gcc/10.3-2021.10/gcc/bin/../lib/gcc/arm-none-eabi/10.3.1/../../../../arm-none-eabi/lib/thumb/v7-m/nofp/libg_nano.a(lib_a-nano-mallocr.o)
                0x000000002000fa60                __malloc_free_list

.bss.__malloc_sbrk_start
                0x000000002000fa64        0x4
 .bss.__malloc_sbrk_start
                0x000000002000fa64        0x4 /usr/local/Cellar/arm-none-eabi-gcc/10.3-2021.10/gcc/bin/../lib/gcc/arm-none-eabi/10.3.1/../../../../arm-none-eabi/lib/thumb/v7-m/nofp/libg_nano.a(lib_a-nano-mallocr.o)
                0x000000002000fa64                __malloc_sbrk_start

.bss.errno      0x000000002000fa68        0x4
 .bss.errno     0x000000002000fa68        0x4 /usr/local/Cellar/arm-none-eabi-gcc/10.3-2021.10/gcc/bin/../lib/gcc/arm-none-eabi/10.3.1/../../../../arm-none-eabi/lib/thumb/v7-m/nofp/libg_nano.a(lib_a-reent.o)
                0x000000002000fa68                errno

.bss.heap_end.0
                0x000000002000fa6c        0x4
 .bss.heap_end.0
                0x000000002000fa6c        0x4 /usr/local/Cellar/arm-none-eabi-gcc/10.3-2021.10/gcc/bin/../lib/gcc/arm-none-eabi/10.3.1/../../../../arm-none-eabi/lib/thumb/v7-m/nofp/librdimon_nano.a(rdimon-syscalls.o)

.bss.openfiles  0x000000002000fa70       0xa0
 .bss.openfiles
                0x000000002000fa70       0xa0 /usr/local/Cellar/arm-none-eabi-gcc/10.3-2021.10/gcc/bin/../lib/gcc/arm-none-eabi/10.3.1/../../../../arm-none-eabi/lib/thumb/v7-m/nofp/librdimon_nano.a(rdimon-syscalls.o)

.heap           0x000000002000fb10      0x408
                0x000000002000fb10                . = ALIGN (0x8)
                0x000000002000fb10                PROVIDE (end = .)
                [!provide]                        PROVIDE (_end = .)
                0x000000002000fb10                _heap_bottom = .
                0x000000002000fb18                . = (. + _Min_Heap_Size)
 *fill*         0x000000002000fb10        0x8 
                0x000000002000fb18                _heap_top = .
                0x000000002000ff18                . = (. + _Min_Stack_Size)
 *fill*         0x000000002000fb18      0x400 
                0x000000002000ff18                . = ALIGN (0x8)
                0x0000000020400000                __StackTop = (ORIGIN (RAM) + LENGTH (RAM))
                0x00000000203ffc00                __StackLimit = (__StackTop - _Min_Stack_Size)
                [!provide]                        PROVIDE (__stack = __StackTop)
                0x0000000000000001                ASSERT ((__StackLimit >= _heap_top), region RAM overflowed with stack)
START GROUP
LOAD /usr/local/Cellar/arm-none-eabi-gcc/10.3-2021.10/gcc/bin/../lib/gcc/arm-none-eabi/10.3.1/thumb/v7-m/nofp/libgcc.a
LOAD /usr/local/Cellar/arm-none-eabi-gcc/10.3-2021.10/gcc/bin/../lib/gcc/arm-none-eabi/10.3.1/../../../../arm-none-eabi/lib/thumb/v7-m/nofp/libg_nano.a
LOAD /usr/local/Cellar/arm-none-eabi-gcc/10.3-2021.10/gcc/bin/../lib/gcc/arm-none-eabi/10.3.1/../../../../arm-none-eabi/lib/thumb/v7-m/nofp/libc_nano.a
END GROUP
START GROUP
LOAD /usr/local/Cellar/arm-none-eabi-gcc/10.3-2021.10/gcc/bin/../lib/gcc/arm-none-eabi/10.3.1/thumb/v7-m/nofp/libgcc.a
LOAD /usr/local/Cellar/arm-none-eabi-gcc/10.3-2021.10/gcc/bin/../lib/gcc/arm-none-eabi/10.3.1/../../../../arm-none-eabi/lib/thumb/v7-m/nofp/libc_nano.a
LOAD /usr/local/Cellar/arm-none-eabi-gcc/10.3-2021.10/gcc/bin/../lib/gcc/arm-none-eabi/10.3.1/../../../../arm-none-eabi/lib/thumb/v7-m/nofp/librdimon_nano.a
LOAD /usr/local/Cellar/arm-none-eabi-gcc/10.3-2021.10/gcc/bin/../lib/gcc/arm-none-eabi/10.3.1/../../../../arm-none-eabi/lib/thumb/v7-m/nofp/libnosys.a
END GROUP
START GROUP
LOAD /usr/local/Cellar/arm-none-eabi-gcc/10.3-2021.10/gcc/bin/../lib/gcc/arm-none-eabi/10.3.1/thumb/v7-m/nofp/libgcc.a
LOAD /usr/local/Cellar/arm-none-eabi-gcc/10.3-2021.10/gcc/bin/../lib/gcc/arm-none-eabi/10.3.1/../../../../arm-none-eabi/lib/thumb/v7-m/nofp/libc_nano.a
LOAD /usr/local/Cellar/arm-none-eabi-gcc/10.3-2021.10/gcc/bin/../lib/gcc/arm-none-eabi/10.3.1/../../../../arm-none-eabi/lib/thumb/v7-m/nofp/libnosys.a
END GROUP
START GROUP
LOAD /usr/local/Cellar/arm-none-eabi-gcc/10.3-2021.10/gcc/bin/../lib/gcc/arm-none-eabi/10.3.1/thumb/v7-m/nofp/libgcc.a
LOAD /usr/local/Cellar/arm-none-eabi-gcc/10.3-2021.10/gcc/bin/../lib/gcc/arm-none-eabi/10.3.1/../../../../arm-none-eabi/lib/thumb/v7-m/nofp/libc_nano.a
LOAD /usr/local/Cellar/arm-none-eabi-gcc/10.3-2021.10/gcc/bin/../lib/gcc/arm-none-eabi/10.3.1/../../../../arm-none-eabi/lib/thumb/v7-m/nofp/librdimon_nano.a
END GROUP
OUTPUT(./output/RTOSDemo.out elf32-littlearm)
LOAD linker stubs

.debug_info     0x0000000000000000     0x78b7
 .debug_info    0x0000000000000000     0x20f7 ./output/tasks.o
 .debug_info    0x00000000000020f7      0x2c5 ./output/list.o
 .debug_info    0x00000000000023bc     0x17b3 ./output/queue.o
 .debug_info    0x0000000000003b6f     0x10b7 ./output/timers.o
 .debug_info    0x0000000000004c26      0x463 ./output/heap_4.o
 .debug_info    0x0000000000005089      0x3b3 ./output/port.o
 .debug_info    0x000000000000543c      0x903 ./output/IntQueue.o
 .debug_info    0x0000000000005d3f      0x5c9 ./output/IntQueueTimer.o
 .debug_info    0x0000000000006308      0x51e ./output/main.o
 .debug_info    0x0000000000006826      0x20b ./output/demoBarber.o
 .debug_info    0x0000000000006a31      0xa3d ./output/startup_gcc.o
 .debug_info    0x000000000000746e      0x449 ./output/printf-stdarg.o

.debug_abbrev   0x0000000000000000     0x16bd
 .debug_abbrev  0x0000000000000000      0x304 ./output/tasks.o
 .debug_abbrev  0x0000000000000304       0xf2 ./output/list.o
 .debug_abbrev  0x00000000000003f6      0x28b ./output/queue.o
 .debug_abbrev  0x0000000000000681      0x241 ./output/timers.o
 .debug_abbrev  0x00000000000008c2      0x193 ./output/heap_4.o
 .debug_abbrev  0x0000000000000a55      0x207 ./output/port.o
 .debug_abbrev  0x0000000000000c5c      0x206 ./output/IntQueue.o
 .debug_abbrev  0x0000000000000e62      0x1b4 ./output/IntQueueTimer.o
 .debug_abbrev  0x0000000000001016      0x211 ./output/main.o
 .debug_abbrev  0x0000000000001227       0xef ./output/demoBarber.o
 .debug_abbrev  0x0000000000001316      0x244 ./output/startup_gcc.o
 .debug_abbrev  0x000000000000155a      0x163 ./output/printf-stdarg.o

.debug_aranges  0x0000000000000000      0x770
 .debug_aranges
                0x0000000000000000      0x200 ./output/tasks.o
 .debug_aranges
                0x0000000000000200       0x40 ./output/list.o
 .debug_aranges
                0x0000000000000240      0x170 ./output/queue.o
 .debug_aranges
                0x00000000000003b0       0xf0 ./output/timers.o
 .debug_aranges
                0x00000000000004a0       0x60 ./output/heap_4.o
 .debug_aranges
                0x0000000000000500       0x78 ./output/port.o
 .debug_aranges
                0x0000000000000578       0x78 ./output/IntQueue.o
 .debug_aranges
                0x00000000000005f0       0x40 ./output/IntQueueTimer.o
 .debug_aranges
                0x0000000000000630       0x78 ./output/main.o
 .debug_aranges
                0x00000000000006a8       0x38 ./output/demoBarber.o
 .debug_aranges
                0x00000000000006e0       0x38 ./output/startup_gcc.o
 .debug_aranges
                0x0000000000000718       0x58 ./output/printf-stdarg.o

.debug_ranges   0x0000000000000000      0x6b0
 .debug_ranges  0x0000000000000000      0x1f0 ./output/tasks.o
 .debug_ranges  0x00000000000001f0       0x30 ./output/list.o
 .debug_ranges  0x0000000000000220      0x160 ./output/queue.o
 .debug_ranges  0x0000000000000380       0xe0 ./output/timers.o
 .debug_ranges  0x0000000000000460       0x50 ./output/heap_4.o
 .debug_ranges  0x00000000000004b0       0x68 ./output/port.o
 .debug_ranges  0x0000000000000518       0x68 ./output/IntQueue.o
 .debug_ranges  0x0000000000000580       0x30 ./output/IntQueueTimer.o
 .debug_ranges  0x00000000000005b0       0x68 ./output/main.o
 .debug_ranges  0x0000000000000618       0x28 ./output/demoBarber.o
 .debug_ranges  0x0000000000000640       0x28 ./output/startup_gcc.o
 .debug_ranges  0x0000000000000668       0x48 ./output/printf-stdarg.o

.debug_macro    0x0000000000000000     0x55a5
 .debug_macro   0x0000000000000000      0x267 ./output/tasks.o
 .debug_macro   0x0000000000000267      0xa5a ./output/tasks.o
 .debug_macro   0x0000000000000cc1       0x18 ./output/tasks.o
 .debug_macro   0x0000000000000cd9       0x22 ./output/tasks.o
 .debug_macro   0x0000000000000cfb       0x5e ./output/tasks.o
 .debug_macro   0x0000000000000d59       0x94 ./output/tasks.o
 .debug_macro   0x0000000000000ded       0x35 ./output/tasks.o
 .debug_macro   0x0000000000000e22       0x34 ./output/tasks.o
 .debug_macro   0x0000000000000e56       0x16 ./output/tasks.o
 .debug_macro   0x0000000000000e6c      0x10e ./output/tasks.o
 .debug_macro   0x0000000000000f7a       0x8d ./output/tasks.o
 .debug_macro   0x0000000000001007       0x16 ./output/tasks.o
 .debug_macro   0x000000000000101d       0x43 ./output/tasks.o
 .debug_macro   0x0000000000001060       0x57 ./output/tasks.o
 .debug_macro   0x00000000000010b7       0x34 ./output/tasks.o
 .debug_macro   0x00000000000010eb       0x10 ./output/tasks.o
 .debug_macro   0x00000000000010fb       0x58 ./output/tasks.o
 .debug_macro   0x0000000000001153      0x182 ./output/tasks.o
 .debug_macro   0x00000000000012d5      0x341 ./output/tasks.o
 .debug_macro   0x0000000000001616       0x16 ./output/tasks.o
 .debug_macro   0x000000000000162c       0x29 ./output/tasks.o
 .debug_macro   0x0000000000001655       0x16 ./output/tasks.o
 .debug_macro   0x000000000000166b       0x35 ./output/tasks.o
 .debug_macro   0x00000000000016a0      0x34e ./output/tasks.o
 .debug_macro   0x00000000000019ee      0x14e ./output/tasks.o
 .debug_macro   0x0000000000001b3c      0x15a ./output/tasks.o
 .debug_macro   0x0000000000001c96       0xe4 ./output/tasks.o
 .debug_macro   0x0000000000001d7a       0x28 ./output/tasks.o
 .debug_macro   0x0000000000001da2       0x1f ./output/tasks.o
 .debug_macro   0x0000000000001dc1       0x12 ./output/tasks.o
 .debug_macro   0x0000000000001dd3      0x4cb ./output/tasks.o
 .debug_macro   0x000000000000229e       0xca ./output/tasks.o
 .debug_macro   0x0000000000002368      0x120 ./output/tasks.o
 .debug_macro   0x0000000000002488       0x91 ./output/tasks.o
 .debug_macro   0x0000000000002519       0x16 ./output/tasks.o
 .debug_macro   0x000000000000252f      0x171 ./output/list.o
 .debug_macro   0x00000000000026a0      0x203 ./output/queue.o
 .debug_macro   0x00000000000028a3       0x87 ./output/queue.o
 .debug_macro   0x000000000000292a      0x1c0 ./output/timers.o
 .debug_macro   0x0000000000002aea       0x97 ./output/timers.o
 .debug_macro   0x0000000000002b81      0x1ed ./output/heap_4.o
 .debug_macro   0x0000000000002d6e      0x144 ./output/port.o
 .debug_macro   0x0000000000002eb2      0x1fa ./output/IntQueue.o
 .debug_macro   0x00000000000030ac       0xfc ./output/IntQueueTimer.o
 .debug_macro   0x00000000000031a8       0x22 ./output/IntQueueTimer.o
 .debug_macro   0x00000000000031ca       0x1c ./output/IntQueueTimer.o
 .debug_macro   0x00000000000031e6       0x22 ./output/IntQueueTimer.o
 .debug_macro   0x0000000000003208       0xd6 ./output/IntQueueTimer.o
 .debug_macro   0x00000000000032de      0xe2d ./output/IntQueueTimer.o
 .debug_macro   0x000000000000410b      0x11f ./output/IntQueueTimer.o
 .debug_macro   0x000000000000422a      0x7b3 ./output/IntQueueTimer.o
 .debug_macro   0x00000000000049dd      0x4a6 ./output/IntQueueTimer.o
 .debug_macro   0x0000000000004e83      0x283 ./output/main.o
 .debug_macro   0x0000000000005106      0x24e ./output/demoBarber.o
 .debug_macro   0x0000000000005354      0x1bb ./output/startup_gcc.o
 .debug_macro   0x000000000000550f       0x3e ./output/printf-stdarg.o
 .debug_macro   0x000000000000554d       0x58 ./output/printf-stdarg.o

.debug_line     0x0000000000000000     0x632a
 .debug_line    0x0000000000000000     0x1881 ./output/tasks.o
 .debug_line    0x0000000000001881      0x467 ./output/list.o
 .debug_line    0x0000000000001ce8     0x1361 ./output/queue.o
 .debug_line    0x0000000000003049      0x95f ./output/timers.o
 .debug_line    0x00000000000039a8      0x6b8 ./output/heap_4.o
 .debug_line    0x0000000000004060      0x3f5 ./output/port.o
 .debug_line    0x0000000000004455      0x917 ./output/IntQueue.o
 .debug_line    0x0000000000004d6c      0x355 ./output/IntQueueTimer.o
 .debug_line    0x00000000000050c1      0x5d8 ./output/main.o
 .debug_line    0x0000000000005699      0x505 ./output/demoBarber.o
 .debug_line    0x0000000000005b9e      0x37a ./output/startup_gcc.o
 .debug_line    0x0000000000005f18      0x412 ./output/printf-stdarg.o

.debug_str      0x0000000000000000    0x1e833
 .debug_str     0x0000000000000000     0xd9d2 ./output/tasks.o
                                       0xdcf6 (size before relaxing)
 .debug_str     0x000000000000d9d2       0xa9 ./output/list.o
                                       0xa7e5 (size before relaxing)
 .debug_str     0x000000000000da7b     0x13bc ./output/queue.o
                                       0xcf97 (size before relaxing)
 .debug_str     0x000000000000ee37      0x655 ./output/timers.o
                                       0xd252 (size before relaxing)
 .debug_str     0x000000000000f48c      0x5d5 ./output/heap_4.o
                                       0xbf40 (size before relaxing)
 .debug_str     0x000000000000fa61      0x777 ./output/port.o
                                       0x9492 (size before relaxing)
 .debug_str     0x00000000000101d8      0xb11 ./output/IntQueue.o
                                       0xcc11 (size before relaxing)
 .debug_str     0x0000000000010ce9     0xb480 ./output/IntQueueTimer.o
                                      0x12131 (size before relaxing)
 .debug_str     0x000000000001c169     0x1533 ./output/main.o
                                       0xcea0 (size before relaxing)
 .debug_str     0x000000000001d69c      0xaec ./output/demoBarber.o
                                       0xdc92 (size before relaxing)
 .debug_str     0x000000000001e188      0x4c8 ./output/startup_gcc.o
                                       0x7c18 (size before relaxing)
 .debug_str     0x000000000001e650      0x1e3 ./output/printf-stdarg.o
                                       0x2f03 (size before relaxing)

.comment        0x0000000000000000       0x49
 .comment       0x0000000000000000       0x49 ./output/tasks.o
                                         0x4a (size before relaxing)
 .comment       0x0000000000000049       0x4a ./output/list.o
 .comment       0x0000000000000049       0x4a ./output/queue.o
 .comment       0x0000000000000049       0x4a ./output/timers.o
 .comment       0x0000000000000049       0x4a ./output/heap_4.o
 .comment       0x0000000000000049       0x4a ./output/port.o
 .comment       0x0000000000000049       0x4a ./output/IntQueue.o
 .comment       0x0000000000000049       0x4a ./output/IntQueueTimer.o
 .comment       0x0000000000000049       0x4a ./output/main.o
 .comment       0x0000000000000049       0x4a ./output/demoBarber.o
 .comment       0x0000000000000049       0x4a ./output/startup_gcc.o
 .comment       0x0000000000000049       0x4a ./output/printf-stdarg.o

.ARM.attributes
                0x0000000000000000       0x2b
 .ARM.attributes
                0x0000000000000000       0x2d ./output/tasks.o
 .ARM.attributes
                0x000000000000002d       0x2d ./output/list.o
 .ARM.attributes
                0x000000000000005a       0x2d ./output/queue.o
 .ARM.attributes
                0x0000000000000087       0x2d ./output/timers.o
 .ARM.attributes
                0x00000000000000b4       0x2d ./output/heap_4.o
 .ARM.attributes
                0x00000000000000e1       0x2d ./output/port.o
 .ARM.attributes
                0x000000000000010e       0x2d ./output/IntQueue.o
 .ARM.attributes
                0x000000000000013b       0x2d ./output/IntQueueTimer.o
 .ARM.attributes
                0x0000000000000168       0x2d ./output/main.o
 .ARM.attributes
                0x0000000000000195       0x2d ./output/demoBarber.o
 .ARM.attributes
                0x00000000000001c2       0x2d ./output/startup_gcc.o
 .ARM.attributes
                0x00000000000001ef       0x2d ./output/printf-stdarg.o
 .ARM.attributes
                0x000000000000021c       0x2d /usr/local/Cellar/arm-none-eabi-gcc/10.3-2021.10/gcc/bin/../lib/gcc/arm-none-eabi/10.3.1/../../../../arm-none-eabi/lib/thumb/v7-m/nofp/libg_nano.a(lib_a-fflush.o)
 .ARM.attributes
                0x0000000000000249       0x2d /usr/local/Cellar/arm-none-eabi-gcc/10.3-2021.10/gcc/bin/../lib/gcc/arm-none-eabi/10.3.1/../../../../arm-none-eabi/lib/thumb/v7-m/nofp/libg_nano.a(lib_a-findfp.o)
 .ARM.attributes
                0x0000000000000276       0x2d /usr/local/Cellar/arm-none-eabi-gcc/10.3-2021.10/gcc/bin/../lib/gcc/arm-none-eabi/10.3.1/../../../../arm-none-eabi/lib/thumb/v7-m/nofp/libg_nano.a(lib_a-fwalk.o)
 .ARM.attributes
                0x00000000000002a3       0x2d /usr/local/Cellar/arm-none-eabi-gcc/10.3-2021.10/gcc/bin/../lib/gcc/arm-none-eabi/10.3.1/../../../../arm-none-eabi/lib/thumb/v7-m/nofp/libg_nano.a(lib_a-impure.o)
 .ARM.attributes
                0x00000000000002d0       0x2d /usr/local/Cellar/arm-none-eabi-gcc/10.3-2021.10/gcc/bin/../lib/gcc/arm-none-eabi/10.3.1/../../../../arm-none-eabi/lib/thumb/v7-m/nofp/libg_nano.a(lib_a-lock.o)
 .ARM.attributes
                0x00000000000002fd       0x2d /usr/local/Cellar/arm-none-eabi-gcc/10.3-2021.10/gcc/bin/../lib/gcc/arm-none-eabi/10.3.1/../../../../arm-none-eabi/lib/thumb/v7-m/nofp/libg_nano.a(lib_a-memcpy-stub.o)
 .ARM.attributes
                0x000000000000032a       0x2d /usr/local/Cellar/arm-none-eabi-gcc/10.3-2021.10/gcc/bin/../lib/gcc/arm-none-eabi/10.3.1/../../../../arm-none-eabi/lib/thumb/v7-m/nofp/libg_nano.a(lib_a-memset.o)
 .ARM.attributes
                0x0000000000000357       0x2d /usr/local/Cellar/arm-none-eabi-gcc/10.3-2021.10/gcc/bin/../lib/gcc/arm-none-eabi/10.3.1/../../../../arm-none-eabi/lib/thumb/v7-m/nofp/libg_nano.a(lib_a-nano-freer.o)
 .ARM.attributes
                0x0000000000000384       0x2d /usr/local/Cellar/arm-none-eabi-gcc/10.3-2021.10/gcc/bin/../lib/gcc/arm-none-eabi/10.3.1/../../../../arm-none-eabi/lib/thumb/v7-m/nofp/libg_nano.a(lib_a-nano-mallocr.o)
 .ARM.attributes
                0x00000000000003b1       0x2d /usr/local/Cellar/arm-none-eabi-gcc/10.3-2021.10/gcc/bin/../lib/gcc/arm-none-eabi/10.3.1/../../../../arm-none-eabi/lib/thumb/v7-m/nofp/libg_nano.a(lib_a-sbrkr.o)
 .ARM.attributes
                0x00000000000003de       0x2d /usr/local/Cellar/arm-none-eabi-gcc/10.3-2021.10/gcc/bin/../lib/gcc/arm-none-eabi/10.3.1/../../../../arm-none-eabi/lib/thumb/v7-m/nofp/libg_nano.a(lib_a-stdio.o)
 .ARM.attributes
                0x000000000000040b       0x2d /usr/local/Cellar/arm-none-eabi-gcc/10.3-2021.10/gcc/bin/../lib/gcc/arm-none-eabi/10.3.1/../../../../arm-none-eabi/lib/thumb/v7-m/nofp/libg_nano.a(lib_a-writer.o)
 .ARM.attributes
                0x0000000000000438       0x2d /usr/local/Cellar/arm-none-eabi-gcc/10.3-2021.10/gcc/bin/../lib/gcc/arm-none-eabi/10.3.1/../../../../arm-none-eabi/lib/thumb/v7-m/nofp/libg_nano.a(lib_a-closer.o)
 .ARM.attributes
                0x0000000000000465       0x2d /usr/local/Cellar/arm-none-eabi-gcc/10.3-2021.10/gcc/bin/../lib/gcc/arm-none-eabi/10.3.1/../../../../arm-none-eabi/lib/thumb/v7-m/nofp/libg_nano.a(lib_a-lseekr.o)
 .ARM.attributes
                0x0000000000000492       0x2d /usr/local/Cellar/arm-none-eabi-gcc/10.3-2021.10/gcc/bin/../lib/gcc/arm-none-eabi/10.3.1/../../../../arm-none-eabi/lib/thumb/v7-m/nofp/libg_nano.a(lib_a-mlock.o)
 .ARM.attributes
                0x00000000000004bf       0x2d /usr/local/Cellar/arm-none-eabi-gcc/10.3-2021.10/gcc/bin/../lib/gcc/arm-none-eabi/10.3.1/../../../../arm-none-eabi/lib/thumb/v7-m/nofp/libg_nano.a(lib_a-readr.o)
 .ARM.attributes
                0x00000000000004ec       0x2d /usr/local/Cellar/arm-none-eabi-gcc/10.3-2021.10/gcc/bin/../lib/gcc/arm-none-eabi/10.3.1/../../../../arm-none-eabi/lib/thumb/v7-m/nofp/libg_nano.a(lib_a-reent.o)
 .ARM.attributes
                0x0000000000000519       0x2d /usr/local/Cellar/arm-none-eabi-gcc/10.3-2021.10/gcc/bin/../lib/gcc/arm-none-eabi/10.3.1/../../../../arm-none-eabi/lib/thumb/v7-m/nofp/librdimon_nano.a(rdimon-syscalls.o)
 .ARM.attributes
                0x0000000000000546       0x2d /usr/local/Cellar/arm-none-eabi-gcc/10.3-2021.10/gcc/bin/../lib/gcc/arm-none-eabi/10.3.1/../../../../arm-none-eabi/lib/thumb/v7-m/nofp/libc_nano.a(lib_a-errno.o)

.debug_frame    0x0000000000000000     0x2620
 .debug_frame   0x0000000000000000      0x8b0 ./output/tasks.o
 .debug_frame   0x00000000000008b0       0xd8 ./output/list.o
 .debug_frame   0x0000000000000988      0x630 ./output/queue.o
 .debug_frame   0x0000000000000fb8      0x3d4 ./output/timers.o
 .debug_frame   0x000000000000138c      0x150 ./output/heap_4.o
 .debug_frame   0x00000000000014dc      0x17c ./output/port.o
 .debug_frame   0x0000000000001658      0x1ac ./output/IntQueue.o
 .debug_frame   0x0000000000001804       0xb4 ./output/IntQueueTimer.o
 .debug_frame   0x00000000000018b8      0x1a8 ./output/main.o
 .debug_frame   0x0000000000001a60       0xa0 ./output/demoBarber.o
 .debug_frame   0x0000000000001b00       0x6c ./output/startup_gcc.o
 .debug_frame   0x0000000000001b6c      0x194 ./output/printf-stdarg.o
 .debug_frame   0x0000000000001d00       0x5c /usr/local/Cellar/arm-none-eabi-gcc/10.3-2021.10/gcc/bin/../lib/gcc/arm-none-eabi/10.3.1/../../../../arm-none-eabi/lib/thumb/v7-m/nofp/libg_nano.a(lib_a-fflush.o)
 .debug_frame   0x0000000000001d5c      0x14c /usr/local/Cellar/arm-none-eabi-gcc/10.3-2021.10/gcc/bin/../lib/gcc/arm-none-eabi/10.3.1/../../../../arm-none-eabi/lib/thumb/v7-m/nofp/libg_nano.a(lib_a-findfp.o)
 .debug_frame   0x0000000000001ea8       0x54 /usr/local/Cellar/arm-none-eabi-gcc/10.3-2021.10/gcc/bin/../lib/gcc/arm-none-eabi/10.3.1/../../../../arm-none-eabi/lib/thumb/v7-m/nofp/libg_nano.a(lib_a-fwalk.o)
 .debug_frame   0x0000000000001efc       0xb0 /usr/local/Cellar/arm-none-eabi-gcc/10.3-2021.10/gcc/bin/../lib/gcc/arm-none-eabi/10.3.1/../../../../arm-none-eabi/lib/thumb/v7-m/nofp/libg_nano.a(lib_a-lock.o)
 .debug_frame   0x0000000000001fac       0x28 /usr/local/Cellar/arm-none-eabi-gcc/10.3-2021.10/gcc/bin/../lib/gcc/arm-none-eabi/10.3.1/../../../../arm-none-eabi/lib/thumb/v7-m/nofp/libg_nano.a(lib_a-memcpy-stub.o)
 .debug_frame   0x0000000000001fd4       0x20 /usr/local/Cellar/arm-none-eabi-gcc/10.3-2021.10/gcc/bin/../lib/gcc/arm-none-eabi/10.3.1/../../../../arm-none-eabi/lib/thumb/v7-m/nofp/libg_nano.a(lib_a-memset.o)
 .debug_frame   0x0000000000001ff4       0x38 /usr/local/Cellar/arm-none-eabi-gcc/10.3-2021.10/gcc/bin/../lib/gcc/arm-none-eabi/10.3.1/../../../../arm-none-eabi/lib/thumb/v7-m/nofp/libg_nano.a(lib_a-nano-freer.o)
 .debug_frame   0x000000000000202c       0x4c /usr/local/Cellar/arm-none-eabi-gcc/10.3-2021.10/gcc/bin/../lib/gcc/arm-none-eabi/10.3.1/../../../../arm-none-eabi/lib/thumb/v7-m/nofp/libg_nano.a(lib_a-nano-mallocr.o)
 .debug_frame   0x0000000000002078       0x2c /usr/local/Cellar/arm-none-eabi-gcc/10.3-2021.10/gcc/bin/../lib/gcc/arm-none-eabi/10.3.1/../../../../arm-none-eabi/lib/thumb/v7-m/nofp/libg_nano.a(lib_a-sbrkr.o)
 .debug_frame   0x00000000000020a4       0x88 /usr/local/Cellar/arm-none-eabi-gcc/10.3-2021.10/gcc/bin/../lib/gcc/arm-none-eabi/10.3.1/../../../../arm-none-eabi/lib/thumb/v7-m/nofp/libg_nano.a(lib_a-stdio.o)
 .debug_frame   0x000000000000212c       0x2c /usr/local/Cellar/arm-none-eabi-gcc/10.3-2021.10/gcc/bin/../lib/gcc/arm-none-eabi/10.3.1/../../../../arm-none-eabi/lib/thumb/v7-m/nofp/libg_nano.a(lib_a-writer.o)
 .debug_frame   0x0000000000002158       0x2c /usr/local/Cellar/arm-none-eabi-gcc/10.3-2021.10/gcc/bin/../lib/gcc/arm-none-eabi/10.3.1/../../../../arm-none-eabi/lib/thumb/v7-m/nofp/libg_nano.a(lib_a-closer.o)
 .debug_frame   0x0000000000002184       0x2c /usr/local/Cellar/arm-none-eabi-gcc/10.3-2021.10/gcc/bin/../lib/gcc/arm-none-eabi/10.3.1/../../../../arm-none-eabi/lib/thumb/v7-m/nofp/libg_nano.a(lib_a-lseekr.o)
 .debug_frame   0x00000000000021b0       0x30 /usr/local/Cellar/arm-none-eabi-gcc/10.3-2021.10/gcc/bin/../lib/gcc/arm-none-eabi/10.3.1/../../../../arm-none-eabi/lib/thumb/v7-m/nofp/libg_nano.a(lib_a-mlock.o)
 .debug_frame   0x00000000000021e0       0x2c /usr/local/Cellar/arm-none-eabi-gcc/10.3-2021.10/gcc/bin/../lib/gcc/arm-none-eabi/10.3.1/../../../../arm-none-eabi/lib/thumb/v7-m/nofp/libg_nano.a(lib_a-readr.o)
 .debug_frame   0x000000000000220c       0x5c /usr/local/Cellar/arm-none-eabi-gcc/10.3-2021.10/gcc/bin/../lib/gcc/arm-none-eabi/10.3.1/../../../../arm-none-eabi/lib/thumb/v7-m/nofp/libg_nano.a(lib_a-reent.o)
 .debug_frame   0x0000000000002268      0x398 /usr/local/Cellar/arm-none-eabi-gcc/10.3-2021.10/gcc/bin/../lib/gcc/arm-none-eabi/10.3.1/../../../../arm-none-eabi/lib/thumb/v7-m/nofp/librdimon_nano.a(rdimon-syscalls.o)
 .debug_frame   0x0000000000002600       0x20 /usr/local/Cellar/arm-none-eabi-gcc/10.3-2021.10/gcc/bin/../lib/gcc/arm-none-eabi/10.3.1/../../../../arm-none-eabi/lib/thumb/v7-m/nofp/libc_nano.a(lib_a-errno.o)
